Archive member included to satisfy reference by file (symbol)

E:/STM32/STM32CubeIDE_1.14.0/STM32CubeIDE/plugins/com.st.stm32cube.ide.mcu.externaltools.gnu-tools-for-stm32.11.3.rel1.win32_1.1.100.202309141235/tools/bin/../lib/gcc/arm-none-eabi/11.3.1/../../../../arm-none-eabi/lib/thumb/v7e-m+fp/hard\libc_nano.a(libc_a-exit.o)
                              E:/STM32/STM32CubeIDE_1.14.0/STM32CubeIDE/plugins/com.st.stm32cube.ide.mcu.externaltools.gnu-tools-for-stm32.11.3.rel1.win32_1.1.100.202309141235/tools/bin/../lib/gcc/arm-none-eabi/11.3.1/../../../../arm-none-eabi/lib/thumb/v7e-m+fp/hard/crt0.o (exit)
E:/STM32/STM32CubeIDE_1.14.0/STM32CubeIDE/plugins/com.st.stm32cube.ide.mcu.externaltools.gnu-tools-for-stm32.11.3.rel1.win32_1.1.100.202309141235/tools/bin/../lib/gcc/arm-none-eabi/11.3.1/../../../../arm-none-eabi/lib/thumb/v7e-m+fp/hard\libc_nano.a(libc_a-findfp.o)
                              E:/STM32/STM32CubeIDE_1.14.0/STM32CubeIDE/plugins/com.st.stm32cube.ide.mcu.externaltools.gnu-tools-for-stm32.11.3.rel1.win32_1.1.100.202309141235/tools/bin/../lib/gcc/arm-none-eabi/11.3.1/../../../../arm-none-eabi/lib/thumb/v7e-m+fp/hard\libc_nano.a(libc_a-exit.o) (__stdio_exit_handler)
E:/STM32/STM32CubeIDE_1.14.0/STM32CubeIDE/plugins/com.st.stm32cube.ide.mcu.externaltools.gnu-tools-for-stm32.11.3.rel1.win32_1.1.100.202309141235/tools/bin/../lib/gcc/arm-none-eabi/11.3.1/../../../../arm-none-eabi/lib/thumb/v7e-m+fp/hard\libc_nano.a(libc_a-fwalk.o)
                              E:/STM32/STM32CubeIDE_1.14.0/STM32CubeIDE/plugins/com.st.stm32cube.ide.mcu.externaltools.gnu-tools-for-stm32.11.3.rel1.win32_1.1.100.202309141235/tools/bin/../lib/gcc/arm-none-eabi/11.3.1/../../../../arm-none-eabi/lib/thumb/v7e-m+fp/hard\libc_nano.a(libc_a-findfp.o) (_fwalk_sglue)
E:/STM32/STM32CubeIDE_1.14.0/STM32CubeIDE/plugins/com.st.stm32cube.ide.mcu.externaltools.gnu-tools-for-stm32.11.3.rel1.win32_1.1.100.202309141235/tools/bin/../lib/gcc/arm-none-eabi/11.3.1/../../../../arm-none-eabi/lib/thumb/v7e-m+fp/hard\libc_nano.a(libc_a-stdio.o)
                              E:/STM32/STM32CubeIDE_1.14.0/STM32CubeIDE/plugins/com.st.stm32cube.ide.mcu.externaltools.gnu-tools-for-stm32.11.3.rel1.win32_1.1.100.202309141235/tools/bin/../lib/gcc/arm-none-eabi/11.3.1/../../../../arm-none-eabi/lib/thumb/v7e-m+fp/hard\libc_nano.a(libc_a-findfp.o) (__sread)
E:/STM32/STM32CubeIDE_1.14.0/STM32CubeIDE/plugins/com.st.stm32cube.ide.mcu.externaltools.gnu-tools-for-stm32.11.3.rel1.win32_1.1.100.202309141235/tools/bin/../lib/gcc/arm-none-eabi/11.3.1/../../../../arm-none-eabi/lib/thumb/v7e-m+fp/hard\libc_nano.a(libc_a-memset.o)
                              E:/STM32/STM32CubeIDE_1.14.0/STM32CubeIDE/plugins/com.st.stm32cube.ide.mcu.externaltools.gnu-tools-for-stm32.11.3.rel1.win32_1.1.100.202309141235/tools/bin/../lib/gcc/arm-none-eabi/11.3.1/../../../../arm-none-eabi/lib/thumb/v7e-m+fp/hard/crt0.o (memset)
E:/STM32/STM32CubeIDE_1.14.0/STM32CubeIDE/plugins/com.st.stm32cube.ide.mcu.externaltools.gnu-tools-for-stm32.11.3.rel1.win32_1.1.100.202309141235/tools/bin/../lib/gcc/arm-none-eabi/11.3.1/../../../../arm-none-eabi/lib/thumb/v7e-m+fp/hard\libc_nano.a(libc_a-closer.o)
                              E:/STM32/STM32CubeIDE_1.14.0/STM32CubeIDE/plugins/com.st.stm32cube.ide.mcu.externaltools.gnu-tools-for-stm32.11.3.rel1.win32_1.1.100.202309141235/tools/bin/../lib/gcc/arm-none-eabi/11.3.1/../../../../arm-none-eabi/lib/thumb/v7e-m+fp/hard\libc_nano.a(libc_a-stdio.o) (_close_r)
E:/STM32/STM32CubeIDE_1.14.0/STM32CubeIDE/plugins/com.st.stm32cube.ide.mcu.externaltools.gnu-tools-for-stm32.11.3.rel1.win32_1.1.100.202309141235/tools/bin/../lib/gcc/arm-none-eabi/11.3.1/../../../../arm-none-eabi/lib/thumb/v7e-m+fp/hard\libc_nano.a(libc_a-reent.o)
                              E:/STM32/STM32CubeIDE_1.14.0/STM32CubeIDE/plugins/com.st.stm32cube.ide.mcu.externaltools.gnu-tools-for-stm32.11.3.rel1.win32_1.1.100.202309141235/tools/bin/../lib/gcc/arm-none-eabi/11.3.1/../../../../arm-none-eabi/lib/thumb/v7e-m+fp/hard\libc_nano.a(libc_a-closer.o) (errno)
E:/STM32/STM32CubeIDE_1.14.0/STM32CubeIDE/plugins/com.st.stm32cube.ide.mcu.externaltools.gnu-tools-for-stm32.11.3.rel1.win32_1.1.100.202309141235/tools/bin/../lib/gcc/arm-none-eabi/11.3.1/../../../../arm-none-eabi/lib/thumb/v7e-m+fp/hard\libc_nano.a(libc_a-impure.o)
                              E:/STM32/STM32CubeIDE_1.14.0/STM32CubeIDE/plugins/com.st.stm32cube.ide.mcu.externaltools.gnu-tools-for-stm32.11.3.rel1.win32_1.1.100.202309141235/tools/bin/../lib/gcc/arm-none-eabi/11.3.1/../../../../arm-none-eabi/lib/thumb/v7e-m+fp/hard\libc_nano.a(libc_a-reent.o) (_impure_ptr)
E:/STM32/STM32CubeIDE_1.14.0/STM32CubeIDE/plugins/com.st.stm32cube.ide.mcu.externaltools.gnu-tools-for-stm32.11.3.rel1.win32_1.1.100.202309141235/tools/bin/../lib/gcc/arm-none-eabi/11.3.1/../../../../arm-none-eabi/lib/thumb/v7e-m+fp/hard\libc_nano.a(libc_a-lseekr.o)
[...]
Memory Configuration

Name             Origin             Length             Attributes
RAM              0x0000000020000000 0x0000000000008000 xrw
FLASH            0x0000000008000000 0x0000000000020000 xr
*default*        0x0000000000000000 0xffffffffffffffff

Linker script and memory map

LOAD E:/STM32/STM32CubeIDE_1.14.0/STM32CubeIDE/plugins/com.st.stm32cube.ide.mcu.externaltools.gnu-tools-for-stm32.11.3.rel1.win32_1.1.100.202309141235/tools/bin/../lib/gcc/arm-none-eabi/11.3.1/thumb/v7e-m+fp/hard/crti.o
LOAD E:/STM32/STM32CubeIDE_1.14.0/STM32CubeIDE/plugins/com.st.stm32cube.ide.mcu.externaltools.gnu-tools-for-stm32.11.3.rel1.win32_1.1.100.202309141235/tools/bin/../lib/gcc/arm-none-eabi/11.3.1/thumb/v7e-m+fp/hard/crtbegin.o
LOAD E:/STM32/STM32CubeIDE_1.14.0/STM32CubeIDE/plugins/com.st.stm32cube.ide.mcu.externaltools.gnu-tools-for-stm32.11.3.rel1.win32_1.1.100.202309141235/tools/bin/../lib/gcc/arm-none-eabi/11.3.1/../../../../arm-none-eabi/lib/thumb/v7e-m+fp/hard/crt0.o
LOAD ./Core/Src/Init.o
LOAD ./Core/Src/gpio.o
LOAD ./Core/Src/key.o
LOAD ./Core/Src/lcd.o
LOAD ./Core/Src/loop.o
LOAD ./Core/Src/main.o
LOAD ./Core/Src/music.o
LOAD ./Core/Src/nokia.o
LOAD ./Core/Src/stm32g4xx_hal_msp.o
LOAD ./Core/Src/stm32g4xx_it.o
LOAD ./Core/Src/syscalls.o
LOAD ./Core/Src/sysmem.o
LOAD ./Core/Src/system_stm32g4xx.o
LOAD ./Core/Src/tim.o
LOAD ./Core/Src/usart.o
LOAD ./Core/Startup/startup_stm32g431rbtx.o
LOAD ./Drivers/STM32G4xx_HAL_Driver/Src/stm32g4xx_hal.o
LOAD ./Drivers/STM32G4xx_HAL_Driver/Src/stm32g4xx_hal_cortex.o
LOAD ./Drivers/STM32G4xx_HAL_Driver/Src/stm32g4xx_hal_dma.o
LOAD ./Drivers/STM32G4xx_HAL_Driver/Src/stm32g4xx_hal_dma_ex.o
LOAD ./Drivers/STM32G4xx_HAL_Driver/Src/stm32g4xx_hal_exti.o
LOAD ./Drivers/STM32G4xx_HAL_Driver/Src/stm32g4xx_hal_flash.o
LOAD ./Drivers/STM32G4xx_HAL_Driver/Src/stm32g4xx_hal_flash_ex.o
LOAD ./Drivers/STM32G4xx_HAL_Driver/Src/stm32g4xx_hal_flash_ramfunc.o
LOAD ./Drivers/STM32G4xx_HAL_Driver/Src/stm32g4xx_hal_gpio.o
LOAD ./Drivers/STM32G4xx_HAL_Driver/Src/stm32g4xx_hal_pwr.o
LOAD ./Drivers/STM32G4xx_HAL_Driver/Src/stm32g4xx_hal_pwr_ex.o
LOAD ./Drivers/STM32G4xx_HAL_Driver/Src/stm32g4xx_hal_rcc.o
LOAD ./Drivers/STM32G4xx_HAL_Driver/Src/stm32g4xx_hal_rcc_ex.o
LOAD ./Drivers/STM32G4xx_HAL_Driver/Src/stm32g4xx_hal_tim.o
LOAD ./Drivers/STM32G4xx_HAL_Driver/Src/stm32g4xx_hal_tim_ex.o
LOAD ./Drivers/STM32G4xx_HAL_Driver/Src/stm32g4xx_hal_uart.o
LOAD ./Drivers/STM32G4xx_HAL_Driver/Src/stm32g4xx_hal_uart_ex.o
START GROUP
LOAD E:/STM32/STM32CubeIDE_1.14.0/STM32CubeIDE/plugins/com.st.stm32cube.ide.mcu.externaltools.gnu-tools-for-stm32.11.3.rel1.win32_1.1.100.202309141235/tools/bin/../lib/gcc/arm-none-eabi/11.3.1/../../../../arm-none-eabi/lib/thumb/v7e-m+fp/hard\libc_nano.a
LOAD E:/STM32/STM32CubeIDE_1.14.0/STM32CubeIDE/plugins/com.st.stm32cube.ide.mcu.externaltools.gnu-tools-for-stm32.11.3.rel1.win32_1.1.100.202309141235/tools/bin/../lib/gcc/arm-none-eabi/11.3.1/../../../../arm-none-eabi/lib/thumb/v7e-m+fp/hard\libm.a
END GROUP
START GROUP
LOAD E:/STM32/STM32CubeIDE_1.14.0/STM32CubeIDE/plugins/com.st.stm32cube.ide.mcu.externaltools.gnu-tools-for-stm32.11.3.rel1.win32_1.1.100.202309141235/tools/bin/../lib/gcc/arm-none-eabi/11.3.1/thumb/v7e-m+fp/hard\libgcc.a
LOAD E:/STM32/STM32CubeIDE_1.14.0/STM32CubeIDE/plugins/com.st.stm32cube.ide.mcu.externaltools.gnu-tools-for-stm32.11.3.rel1.win32_1.1.100.202309141235/tools/bin/../lib/gcc/arm-none-eabi/11.3.1/../../../../arm-none-eabi/lib/thumb/v7e-m+fp/hard\libc_nano.a
END GROUP
START GROUP
LOAD E:/STM32/STM32CubeIDE_1.14.0/STM32CubeIDE/plugins/com.st.stm32cube.ide.mcu.externaltools.gnu-tools-for-stm32.11.3.rel1.win32_1.1.100.202309141235/tools/bin/../lib/gcc/arm-none-eabi/11.3.1/thumb/v7e-m+fp/hard\libgcc.a
LOAD E:/STM32/STM32CubeIDE_1.14.0/STM32CubeIDE/plugins/com.st.stm32cube.ide.mcu.externaltools.gnu-tools-for-stm32.11.3.rel1.win32_1.1.100.202309141235/tools/bin/../lib/gcc/arm-none-eabi/11.3.1/../../../../arm-none-eabi/lib/thumb/v7e-m+fp/hard\libc_nano.a
LOAD E:/STM32/STM32CubeIDE_1.14.0/STM32CubeIDE/plugins/com.st.stm32cube.ide.mcu.externaltools.gnu-tools-for-stm32.11.3.rel1.win32_1.1.100.202309141235/tools/bin/../lib/gcc/arm-none-eabi/11.3.1/../../../../arm-none-eabi/lib/thumb/v7e-m+fp/hard\libnosys.a
END GROUP
START GROUP
LOAD E:/STM32/STM32CubeIDE_1.14.0/STM32CubeIDE/plugins/com.st.stm32cube.ide.mcu.externaltools.gnu-tools-for-stm32.11.3.rel1.win32_1.1.100.202309141235/tools/bin/../lib/gcc/arm-none-eabi/11.3.1/thumb/v7e-m+fp/hard\libgcc.a
LOAD E:/STM32/STM32CubeIDE_1.14.0/STM32CubeIDE/plugins/com.st.stm32cube.ide.mcu.externaltools.gnu-tools-for-stm32.11.3.rel1.win32_1.1.100.202309141235/tools/bin/../lib/gcc/arm-none-eabi/11.3.1/../../../../arm-none-eabi/lib/thumb/v7e-m+fp/hard\libc_nano.a
LOAD E:/STM32/STM32CubeIDE_1.14.0/STM32CubeIDE/plugins/com.st.stm32cube.ide.mcu.externaltools.gnu-tools-for-stm32.11.3.rel1.win32_1.1.100.202309141235/tools/bin/../lib/gcc/arm-none-eabi/11.3.1/../../../../arm-none-eabi/lib/thumb/v7e-m+fp/hard\libnosys.a
END GROUP
LOAD E:/STM32/STM32CubeIDE_1.14.0/STM32CubeIDE/plugins/com.st.stm32cube.ide.mcu.externaltools.gnu-tools-for-stm32.11.3.rel1.win32_1.1.100.202309141235/tools/bin/../lib/gcc/arm-none-eabi/11.3.1/thumb/v7e-m+fp/hard/crtend.o
LOAD E:/STM32/STM32CubeIDE_1.14.0/STM32CubeIDE/plugins/com.st.stm32cube.ide.mcu.externaltools.gnu-tools-for-stm32.11.3.rel1.win32_1.1.100.202309141235/tools/bin/../lib/gcc/arm-none-eabi/11.3.1/thumb/v7e-m+fp/hard/crtn.o
                0x0000000020008000                _estack = (ORIGIN (RAM) + LENGTH (RAM))
                0x0000000000000200                _Min_Heap_Size = 0x200
                0x0000000000000400                _Min_Stack_Size = 0x400

.isr_vector     0x0000000008000000      0x1d8
                0x0000000008000000                . = ALIGN (0x4)
 *(.isr_vector)
 .isr_vector    0x0000000008000000      0x1d8 ./Core/Startup/startup_stm32g431rbtx.o
                0x0000000008000000                g_pfnVectors
                0x00000000080001d8                . = ALIGN (0x4)

.text           0x00000000080001d8     0x6a0c
                0x00000000080001d8                . = ALIGN (0x4)
 *(.text)
 .text          0x00000000080001d8       0x40 E:/STM32/STM32CubeIDE_1.14.0/STM32CubeIDE/plugins/com.st.stm32cube.ide.mcu.externaltools.gnu-tools-for-stm32.11.3.rel1.win32_1.1.100.202309141235/tools/bin/../lib/gcc/arm-none-eabi/11.3.1/thumb/v7e-m+fp/hard/crtbegin.o
 .text          0x0000000008000218       0x30 E:/STM32/STM32CubeIDE_1.14.0/STM32CubeIDE/plugins/com.st.stm32cube.ide.mcu.externaltools.gnu-tools-for-stm32.11.3.rel1.win32_1.1.100.202309141235/tools/bin/../lib/gcc/arm-none-eabi/11.3.1/thumb/v7e-m+fp/hard\libgcc.a(_aeabi_uldivmod.o)
                0x0000000008000218                __aeabi_uldivmod
 .text          0x0000000008000248      0x2c8 E:/STM32/STM32CubeIDE_1.14.0/STM32CubeIDE/plugins/com.st.stm32cube.ide.mcu.externaltools.gnu-tools-for-stm32.11.3.rel1.win32_1.1.100.202309141235/tools/bin/../lib/gcc/arm-none-eabi/11.3.1/thumb/v7e-m+fp/hard\libgcc.a(_udivmoddi4.o)
                0x0000000008000248                __udivmoddi4
 .text          0x0000000008000510        0x4 E:/STM32/STM32CubeIDE_1.14.0/STM32CubeIDE/plugins/com.st.stm32cube.ide.mcu.externaltools.gnu-tools-for-stm32.11.3.rel1.win32_1.1.100.202309141235/tools/bin/../lib/gcc/arm-none-eabi/11.3.1/thumb/v7e-m+fp/hard\libgcc.a(_dvmd_tls.o)
                0x0000000008000510                __aeabi_idiv0
                0x0000000008000510                __aeabi_ldiv0
 *(.text*)
 .text.Total_Init
                0x0000000008000514       0x3e ./Core/Src/Init.o
                0x0000000008000514                Total_Init
 *fill*         0x0000000008000552        0x2 
 .text.MX_GPIO_Init
                0x0000000008000554       0xdc ./Core/Src/gpio.o
                0x0000000008000554                MX_GPIO_Init
 .text.key_init
                0x0000000008000630       0x1a ./Core/Src/key.o
                0x0000000008000630                key_init
 *fill*         0x000000000800064a        0x2 
 .text.key_deal
                0x000000000800064c      0x1fc ./Core/Src/key.o
                0x000000000800064c                key_deal
 .text.lcd_display
                0x0000000008000848      0x128 ./Core/Src/lcd.o
                0x0000000008000848                lcd_display
 .text.loop     0x0000000008000970       0x94 ./Core/Src/loop.o
                0x0000000008000970                loop
 .text.main     0x0000000008000a04       0x84 ./Core/Src/main.o
                0x0000000008000a04                main
 .text.SystemClock_Config
                0x0000000008000a88       0x94 ./Core/Src/main.o
                0x0000000008000a88                SystemClock_Config
 .text.HAL_UART_RxCpltCallback
                0x0000000008000b1c       0x60 ./Core/Src/main.o
                0x0000000008000b1c                HAL_UART_RxCpltCallback
 .text.Error_Handler
                0x0000000008000b7c        0xa ./Core/Src/main.o
                0x0000000008000b7c                Error_Handler
 .text.music_init
                0x0000000008000b86       0x6a ./Core/Src/music.o
                0x0000000008000b86                music_init
 .text.mustorage_init
                0x0000000008000bf0       0xd4 ./Core/Src/music.o
                0x0000000008000bf0                mustorage_init
 .text.singing  0x0000000008000cc4       0x58 ./Core/Src/music.o
                0x0000000008000cc4                singing
 .text.music_play
                0x0000000008000d1c       0xb8 ./Core/Src/music.o
                0x0000000008000d1c                music_play
 .text.music_start
                0x0000000008000dd4       0x48 ./Core/Src/music.o
                0x0000000008000dd4                music_start
 .text.music_stop
                0x0000000008000e1c       0x96 ./Core/Src/music.o
                0x0000000008000e1c                music_stop
 *fill*         0x0000000008000eb2        0x2 
 .text.pwm_init
                0x0000000008000eb4       0x9c ./Core/Src/music.o
                0x0000000008000eb4                pwm_init
 .text.pwm_move
                0x0000000008000f50       0xd8 ./Core/Src/music.o
                0x0000000008000f50                pwm_move
 .text.keyplay_init
                0x0000000008001028       0x26 ./Core/Src/music.o
                0x0000000008001028                keyplay_init
 *fill*         0x000000000800104e        0x2 
 .text.key_play
                0x0000000008001050       0x7c ./Core/Src/music.o
                0x0000000008001050                key_play
 .text.delay_us
                0x00000000080010cc       0x2c ./Core/Src/nokia.o
                0x00000000080010cc                delay_us
 .text.LCD_init
                0x00000000080010f8       0x90 ./Core/Src/nokia.o
                0x00000000080010f8                LCD_init
 .text.LCD_clear
                0x0000000008001188       0x3c ./Core/Src/nokia.o
                0x0000000008001188                LCD_clear
 .text.LCD_set_XY
                0x00000000080011c4       0x38 ./Core/Src/nokia.o
                0x00000000080011c4                LCD_set_XY
 .text.LCD_write_char
                0x00000000080011fc       0x4c ./Core/Src/nokia.o
                0x00000000080011fc                LCD_write_char
 .text.LCD_write_number
                0x0000000008001248       0x8c ./Core/Src/nokia.o
                0x0000000008001248                LCD_write_number
 .text.LCD_write_english_string
                0x00000000080012d4       0x40 ./Core/Src/nokia.o
                0x00000000080012d4                LCD_write_english_string
 .text.LCD_write_byte
                0x0000000008001314       0xa4 ./Core/Src/nokia.o
                0x0000000008001314                LCD_write_byte
 .text.HAL_MspInit
                0x00000000080013b8       0x48 ./Core/Src/stm32g4xx_hal_msp.o
                0x00000000080013b8                HAL_MspInit
 .text.NMI_Handler
                0x0000000008001400        0x6 ./Core/Src/stm32g4xx_it.o
                0x0000000008001400                NMI_Handler
 .text.HardFault_Handler
                0x0000000008001406        0x6 ./Core/Src/stm32g4xx_it.o
                0x0000000008001406                HardFault_Handler
 .text.MemManage_Handler
                0x000000000800140c        0x6 ./Core/Src/stm32g4xx_it.o
                0x000000000800140c                MemManage_Handler
 .text.BusFault_Handler
                0x0000000008001412        0x6 ./Core/Src/stm32g4xx_it.o
                0x0000000008001412                BusFault_Handler
 .text.UsageFault_Handler
                0x0000000008001418        0x6 ./Core/Src/stm32g4xx_it.o
                0x0000000008001418                UsageFault_Handler
 .text.SVC_Handler
                0x000000000800141e        0xe ./Core/Src/stm32g4xx_it.o
                0x000000000800141e                SVC_Handler
 .text.DebugMon_Handler
                0x000000000800142c        0xe ./Core/Src/stm32g4xx_it.o
                0x000000000800142c                DebugMon_Handler
 .text.PendSV_Handler
                0x000000000800143a        0xe ./Core/Src/stm32g4xx_it.o
                0x000000000800143a                PendSV_Handler
 .text.SysTick_Handler
                0x0000000008001448       0xc4 ./Core/Src/stm32g4xx_it.o
                0x0000000008001448                SysTick_Handler
 .text.USART1_IRQHandler
                0x000000000800150c       0x14 ./Core/Src/stm32g4xx_it.o
                0x000000000800150c                USART1_IRQHandler
 .text.SystemInit
                0x0000000008001520       0x24 ./Core/Src/system_stm32g4xx.o
                0x0000000008001520                SystemInit
 .text.MX_TIM2_Init
                0x0000000008001544       0xec ./Core/Src/tim.o
                0x0000000008001544                MX_TIM2_Init
 .text.MX_TIM3_Init
                0x0000000008001630       0xf0 ./Core/Src/tim.o
                0x0000000008001630                MX_TIM3_Init
 .text.MX_TIM15_Init
                0x0000000008001720      0x10c ./Core/Src/tim.o
                0x0000000008001720                MX_TIM15_Init
 .text.MX_TIM16_Init
                0x000000000800182c       0xf4 ./Core/Src/tim.o
                0x000000000800182c                MX_TIM16_Init
 .text.MX_TIM17_Init
                0x0000000008001920       0xf4 ./Core/Src/tim.o
                0x0000000008001920                MX_TIM17_Init
 .text.HAL_TIM_Base_MspInit
                0x0000000008001a14       0xb4 ./Core/Src/tim.o
                0x0000000008001a14                HAL_TIM_Base_MspInit
 .text.HAL_TIM_PWM_MspInit
                0x0000000008001ac8       0x40 ./Core/Src/tim.o
                0x0000000008001ac8                HAL_TIM_PWM_MspInit
 .text.HAL_TIM_MspPostInit
                0x0000000008001b08      0x194 ./Core/Src/tim.o
                0x0000000008001b08                HAL_TIM_MspPostInit
 .text.MX_USART1_UART_Init
                0x0000000008001c9c       0x98 ./Core/Src/usart.o
                0x0000000008001c9c                MX_USART1_UART_Init
 .text.HAL_UART_MspInit
                0x0000000008001d34       0xc0 ./Core/Src/usart.o
                0x0000000008001d34                HAL_UART_MspInit
 .text.Reset_Handler
                0x0000000008001df4       0x50 ./Core/Startup/startup_stm32g431rbtx.o
                0x0000000008001df4                Reset_Handler
 .text.Default_Handler
                0x0000000008001e44        0x2 ./Core/Startup/startup_stm32g431rbtx.o
                0x0000000008001e44                RTC_Alarm_IRQHandler
                0x0000000008001e44                EXTI2_IRQHandler
                0x0000000008001e44                TIM8_TRG_COM_IRQHandler
                0x0000000008001e44                TIM8_CC_IRQHandler
                0x0000000008001e44                TIM1_CC_IRQHandler
                0x0000000008001e44                USB_HP_IRQHandler
                0x0000000008001e44                CORDIC_IRQHandler
                0x0000000008001e44                EXTI3_IRQHandler
                0x0000000008001e44                I2C3_ER_IRQHandler
                0x0000000008001e44                EXTI0_IRQHandler
                0x0000000008001e44                I2C2_EV_IRQHandler
                0x0000000008001e44                FPU_IRQHandler
                0x0000000008001e44                FDCAN1_IT1_IRQHandler
                0x0000000008001e44                TIM1_UP_TIM16_IRQHandler
                0x0000000008001e44                ADC1_2_IRQHandler
                0x0000000008001e44                SPI1_IRQHandler
                0x0000000008001e44                TIM6_DAC_IRQHandler
                0x0000000008001e44                TIM8_UP_IRQHandler
                0x0000000008001e44                DMA2_Channel2_IRQHandler
                0x0000000008001e44                DMA1_Channel4_IRQHandler
                0x0000000008001e44                USART3_IRQHandler
                0x0000000008001e44                TIM4_IRQHandler
                0x0000000008001e44                DMA2_Channel1_IRQHandler
                0x0000000008001e44                I2C1_EV_IRQHandler
                0x0000000008001e44                DMA1_Channel6_IRQHandler
                0x0000000008001e44                UART4_IRQHandler
                0x0000000008001e44                DMA2_Channel4_IRQHandler
                0x0000000008001e44                TIM3_IRQHandler
                0x0000000008001e44                RCC_IRQHandler
                0x0000000008001e44                DMA1_Channel1_IRQHandler
                0x0000000008001e44                Default_Handler
                0x0000000008001e44                RTC_TAMP_LSECSS_IRQHandler
                0x0000000008001e44                FMAC_IRQHandler
                0x0000000008001e44                EXTI15_10_IRQHandler
                0x0000000008001e44                TIM7_IRQHandler
                0x0000000008001e44                UCPD1_IRQHandler
                0x0000000008001e44                I2C3_EV_IRQHandler
                0x0000000008001e44                EXTI9_5_IRQHandler
                0x0000000008001e44                RTC_WKUP_IRQHandler
                0x0000000008001e44                PVD_PVM_IRQHandler
                0x0000000008001e44                SPI2_IRQHandler
                0x0000000008001e44                DMA2_Channel5_IRQHandler
                0x0000000008001e44                CRS_IRQHandler
                0x0000000008001e44                DMA1_Channel5_IRQHandler
                0x0000000008001e44                USB_LP_IRQHandler
                0x0000000008001e44                EXTI4_IRQHandler
                0x0000000008001e44                RNG_IRQHandler
                0x0000000008001e44                TIM1_TRG_COM_TIM17_IRQHandler
                0x0000000008001e44                DMA1_Channel3_IRQHandler
                0x0000000008001e44                WWDG_IRQHandler
                0x0000000008001e44                LPUART1_IRQHandler
                0x0000000008001e44                DMA2_Channel6_IRQHandler
                0x0000000008001e44                FDCAN1_IT0_IRQHandler
                0x0000000008001e44                TIM2_IRQHandler
                0x0000000008001e44                COMP1_2_3_IRQHandler
                0x0000000008001e44                EXTI1_IRQHandler
                0x0000000008001e44                USART2_IRQHandler
                0x0000000008001e44                I2C2_ER_IRQHandler
                0x0000000008001e44                DMA1_Channel2_IRQHandler
                0x0000000008001e44                TIM8_BRK_IRQHandler
                0x0000000008001e44                FLASH_IRQHandler
                0x0000000008001e44                SPI3_IRQHandler
                0x0000000008001e44                I2C1_ER_IRQHandler
                0x0000000008001e44                LPTIM1_IRQHandler
                0x0000000008001e44                DMAMUX_OVR_IRQHandler
                0x0000000008001e44                USBWakeUp_IRQHandler
                0x0000000008001e44                SAI1_IRQHandler
                0x0000000008001e44                DMA2_Channel3_IRQHandler
                0x0000000008001e44                COMP4_IRQHandler
                0x0000000008001e44                TIM1_BRK_TIM15_IRQHandler
 .text.HAL_Init
                0x0000000008001e46       0x30 ./Drivers/STM32G4xx_HAL_Driver/Src/stm32g4xx_hal.o
                0x0000000008001e46                HAL_Init
 *fill*         0x0000000008001e76        0x2 
 .text.HAL_InitTick
                0x0000000008001e78       0x74 ./Drivers/STM32G4xx_HAL_Driver/Src/stm32g4xx_hal.o
                0x0000000008001e78                HAL_InitTick
 .text.HAL_IncTick
                0x0000000008001eec       0x24 ./Drivers/STM32G4xx_HAL_Driver/Src/stm32g4xx_hal.o
                0x0000000008001eec                HAL_IncTick
 .text.HAL_GetTick
                0x0000000008001f10       0x18 ./Drivers/STM32G4xx_HAL_Driver/Src/stm32g4xx_hal.o
                0x0000000008001f10                HAL_GetTick
 .text.HAL_Delay
                0x0000000008001f28       0x44 ./Drivers/STM32G4xx_HAL_Driver/Src/stm32g4xx_hal.o
                0x0000000008001f28                HAL_Delay
 .text.__NVIC_SetPriorityGrouping
                0x0000000008001f6c       0x48 ./Drivers/STM32G4xx_HAL_Driver/Src/stm32g4xx_hal_cortex.o
 .text.__NVIC_GetPriorityGrouping
                0x0000000008001fb4       0x1c ./Drivers/STM32G4xx_HAL_Driver/Src/stm32g4xx_hal_cortex.o
 .text.__NVIC_EnableIRQ
                0x0000000008001fd0       0x3c ./Drivers/STM32G4xx_HAL_Driver/Src/stm32g4xx_hal_cortex.o
 .text.__NVIC_SetPriority
                0x000000000800200c       0x54 ./Drivers/STM32G4xx_HAL_Driver/Src/stm32g4xx_hal_cortex.o
 .text.NVIC_EncodePriority
                0x0000000008002060       0x66 ./Drivers/STM32G4xx_HAL_Driver/Src/stm32g4xx_hal_cortex.o
 *fill*         0x00000000080020c6        0x2 
 .text.SysTick_Config
                0x00000000080020c8       0x44 ./Drivers/STM32G4xx_HAL_Driver/Src/stm32g4xx_hal_cortex.o
 .text.HAL_NVIC_SetPriorityGrouping
                0x000000000800210c       0x16 ./Drivers/STM32G4xx_HAL_Driver/Src/stm32g4xx_hal_cortex.o
                0x000000000800210c                HAL_NVIC_SetPriorityGrouping
 .text.HAL_NVIC_SetPriority
                0x0000000008002122       0x34 ./Drivers/STM32G4xx_HAL_Driver/Src/stm32g4xx_hal_cortex.o
                0x0000000008002122                HAL_NVIC_SetPriority
 .text.HAL_NVIC_EnableIRQ
                0x0000000008002156       0x1c ./Drivers/STM32G4xx_HAL_Driver/Src/stm32g4xx_hal_cortex.o
                0x0000000008002156                HAL_NVIC_EnableIRQ
 .text.HAL_SYSTICK_Config
                0x0000000008002172       0x18 ./Drivers/STM32G4xx_HAL_Driver/Src/stm32g4xx_hal_cortex.o
                0x0000000008002172                HAL_SYSTICK_Config
 .text.HAL_DMA_Abort
                0x000000000800218a       0xb2 ./Drivers/STM32G4xx_HAL_Driver/Src/stm32g4xx_hal_dma.o
                0x000000000800218a                HAL_DMA_Abort
 .text.HAL_DMA_Abort_IT
                0x000000000800223c       0xce ./Drivers/STM32G4xx_HAL_Driver/Src/stm32g4xx_hal_dma.o
                0x000000000800223c                HAL_DMA_Abort_IT
 *fill*         0x000000000800230a        0x2 
 .text.HAL_GPIO_Init
                0x000000000800230c      0x304 ./Drivers/STM32G4xx_HAL_Driver/Src/stm32g4xx_hal_gpio.o
                0x000000000800230c                HAL_GPIO_Init
 .text.HAL_GPIO_ReadPin
                0x0000000008002610       0x30 ./Drivers/STM32G4xx_HAL_Driver/Src/stm32g4xx_hal_gpio.o
                0x0000000008002610                HAL_GPIO_ReadPin
 .text.HAL_GPIO_WritePin
                0x0000000008002640       0x30 ./Drivers/STM32G4xx_HAL_Driver/Src/stm32g4xx_hal_gpio.o
                0x0000000008002640                HAL_GPIO_WritePin
 .text.HAL_PWREx_ControlVoltageScaling
                0x0000000008002670      0x148 ./Drivers/STM32G4xx_HAL_Driver/Src/stm32g4xx_hal_pwr_ex.o
                0x0000000008002670                HAL_PWREx_ControlVoltageScaling
 .text.HAL_PWREx_DisableUCPDDeadBattery
                0x00000000080027b8       0x20 ./Drivers/STM32G4xx_HAL_Driver/Src/stm32g4xx_hal_pwr_ex.o
                0x00000000080027b8                HAL_PWREx_DisableUCPDDeadBattery
 .text.HAL_RCC_OscConfig
                0x00000000080027d8      0x624 ./Drivers/STM32G4xx_HAL_Driver/Src/stm32g4xx_hal_rcc.o
                0x00000000080027d8                HAL_RCC_OscConfig
 .text.HAL_RCC_ClockConfig
                0x0000000008002dfc      0x278 ./Drivers/STM32G4xx_HAL_Driver/Src/stm32g4xx_hal_rcc.o
                0x0000000008002dfc                HAL_RCC_ClockConfig
 .text.HAL_RCC_GetSysClockFreq
                0x0000000008003074       0xc4 ./Drivers/STM32G4xx_HAL_Driver/Src/stm32g4xx_hal_rcc.o
                0x0000000008003074                HAL_RCC_GetSysClockFreq
 .text.HAL_RCC_GetHCLKFreq
                0x0000000008003138       0x18 ./Drivers/STM32G4xx_HAL_Driver/Src/stm32g4xx_hal_rcc.o
                0x0000000008003138                HAL_RCC_GetHCLKFreq
 .text.HAL_RCC_GetPCLK1Freq
                0x0000000008003150       0x2c ./Drivers/STM32G4xx_HAL_Driver/Src/stm32g4xx_hal_rcc.o
                0x0000000008003150                HAL_RCC_GetPCLK1Freq
 .text.HAL_RCC_GetPCLK2Freq
                0x000000000800317c       0x2c ./Drivers/STM32G4xx_HAL_Driver/Src/stm32g4xx_hal_rcc.o
                0x000000000800317c                HAL_RCC_GetPCLK2Freq
 .text.RCC_GetSysClockFreqFromPLLSource
                0x00000000080031a8       0x8c ./Drivers/STM32G4xx_HAL_Driver/Src/stm32g4xx_hal_rcc.o
 .text.HAL_RCCEx_PeriphCLKConfig
                0x0000000008003234      0x3e0 ./Drivers/STM32G4xx_HAL_Driver/Src/stm32g4xx_hal_rcc_ex.o
                0x0000000008003234                HAL_RCCEx_PeriphCLKConfig
 .text.HAL_TIM_Base_Init
                0x0000000008003614       0xae ./Drivers/STM32G4xx_HAL_Driver/Src/stm32g4xx_hal_tim.o
                0x0000000008003614                HAL_TIM_Base_Init
 .text.HAL_TIM_PWM_Init
                0x00000000080036c2       0xae ./Drivers/STM32G4xx_HAL_Driver/Src/stm32g4xx_hal_tim.o
                0x00000000080036c2                HAL_TIM_PWM_Init
 .text.HAL_TIM_PWM_Start
                0x0000000008003770      0x200 ./Drivers/STM32G4xx_HAL_Driver/Src/stm32g4xx_hal_tim.o
                0x0000000008003770                HAL_TIM_PWM_Start
 .text.HAL_TIM_PWM_Stop
                0x0000000008003970      0x12c ./Drivers/STM32G4xx_HAL_Driver/Src/stm32g4xx_hal_tim.o
                0x0000000008003970                HAL_TIM_PWM_Stop
 .text.HAL_TIM_PWM_ConfigChannel
                0x0000000008003a9c      0x228 ./Drivers/STM32G4xx_HAL_Driver/Src/stm32g4xx_hal_tim.o
                0x0000000008003a9c                HAL_TIM_PWM_ConfigChannel
 .text.HAL_TIM_ConfigClockSource
                0x0000000008003cc4      0x1f4 ./Drivers/STM32G4xx_HAL_Driver/Src/stm32g4xx_hal_tim.o
                0x0000000008003cc4                HAL_TIM_ConfigClockSource
 .text.TIM_Base_SetConfig
                0x0000000008003eb8      0x138 ./Drivers/STM32G4xx_HAL_Driver/Src/stm32g4xx_hal_tim.o
                0x0000000008003eb8                TIM_Base_SetConfig
 .text.TIM_OC1_SetConfig
                0x0000000008003ff0      0x120 ./Drivers/STM32G4xx_HAL_Driver/Src/stm32g4xx_hal_tim.o
 .text.TIM_OC2_SetConfig
                0x0000000008004110      0x114 ./Drivers/STM32G4xx_HAL_Driver/Src/stm32g4xx_hal_tim.o
                0x0000000008004110                TIM_OC2_SetConfig
 .text.TIM_OC3_SetConfig
                0x0000000008004224      0x110 ./Drivers/STM32G4xx_HAL_Driver/Src/stm32g4xx_hal_tim.o
 .text.TIM_OC4_SetConfig
                0x0000000008004334      0x114 ./Drivers/STM32G4xx_HAL_Driver/Src/stm32g4xx_hal_tim.o
 .text.TIM_OC5_SetConfig
                0x0000000008004448       0xc8 ./Drivers/STM32G4xx_HAL_Driver/Src/stm32g4xx_hal_tim.o
 .text.TIM_OC6_SetConfig
                0x0000000008004510       0xcc ./Drivers/STM32G4xx_HAL_Driver/Src/stm32g4xx_hal_tim.o
 .text.TIM_TI1_ConfigInputStage
                0x00000000080045dc       0x5e ./Drivers/STM32G4xx_HAL_Driver/Src/stm32g4xx_hal_tim.o
 .text.TIM_TI2_ConfigInputStage
                0x000000000800463a       0x60 ./Drivers/STM32G4xx_HAL_Driver/Src/stm32g4xx_hal_tim.o
 .text.TIM_ITRx_SetConfig
                0x000000000800469a       0x3a ./Drivers/STM32G4xx_HAL_Driver/Src/stm32g4xx_hal_tim.o
 .text.TIM_ETR_SetConfig
                0x00000000080046d4       0x40 ./Drivers/STM32G4xx_HAL_Driver/Src/stm32g4xx_hal_tim.o
                0x00000000080046d4                TIM_ETR_SetConfig
 .text.TIM_CCxChannelCmd
                0x0000000008004714       0x4a ./Drivers/STM32G4xx_HAL_Driver/Src/stm32g4xx_hal_tim.o
                0x0000000008004714                TIM_CCxChannelCmd
 *fill*         0x000000000800475e        0x2 
 .text.HAL_TIMEx_MasterConfigSynchronization
                0x0000000008004760      0x104 ./Drivers/STM32G4xx_HAL_Driver/Src/stm32g4xx_hal_tim_ex.o
                0x0000000008004760                HAL_TIMEx_MasterConfigSynchronization
 .text.HAL_TIMEx_ConfigBreakDeadTime
                0x0000000008004864      0x118 ./Drivers/STM32G4xx_HAL_Driver/Src/stm32g4xx_hal_tim_ex.o
                0x0000000008004864                HAL_TIMEx_ConfigBreakDeadTime
 .text.HAL_UART_Init
                0x000000000800497c       0xa0 ./Drivers/STM32G4xx_HAL_Driver/Src/stm32g4xx_hal_uart.o
                0x000000000800497c                HAL_UART_Init
 .text.HAL_UART_Transmit
                0x0000000008004a1c      0x11c ./Drivers/STM32G4xx_HAL_Driver/Src/stm32g4xx_hal_uart.o
                0x0000000008004a1c                HAL_UART_Transmit
 .text.HAL_UART_Receive_IT
                0x0000000008004b38       0x98 ./Drivers/STM32G4xx_HAL_Driver/Src/stm32g4xx_hal_uart.o
                0x0000000008004b38                HAL_UART_Receive_IT
 .text.HAL_UART_IRQHandler
                0x0000000008004bd0      0x648 ./Drivers/STM32G4xx_HAL_Driver/Src/stm32g4xx_hal_uart.o
                0x0000000008004bd0                HAL_UART_IRQHandler
 .text.HAL_UART_TxCpltCallback
                0x0000000008005218       0x14 ./Drivers/STM32G4xx_HAL_Driver/Src/stm32g4xx_hal_uart.o
                0x0000000008005218                HAL_UART_TxCpltCallback
 .text.HAL_UART_ErrorCallback
                0x000000000800522c       0x14 ./Drivers/STM32G4xx_HAL_Driver/Src/stm32g4xx_hal_uart.o
                0x000000000800522c                HAL_UART_ErrorCallback
 .text.HAL_UARTEx_RxEventCallback
                0x0000000008005240       0x18 ./Drivers/STM32G4xx_HAL_Driver/Src/stm32g4xx_hal_uart.o
                0x0000000008005240                HAL_UARTEx_RxEventCallback
 .text.UART_SetConfig
                0x0000000008005258      0x598 ./Drivers/STM32G4xx_HAL_Driver/Src/stm32g4xx_hal_uart.o
                0x0000000008005258                UART_SetConfig
 .text.UART_AdvFeatureConfig
                0x00000000080057f0      0x144 ./Drivers/STM32G4xx_HAL_Driver/Src/stm32g4xx_hal_uart.o
                0x00000000080057f0                UART_AdvFeatureConfig
 .text.UART_CheckIdleState
                0x0000000008005934      0x154 ./Drivers/STM32G4xx_HAL_Driver/Src/stm32g4xx_hal_uart.o
                0x0000000008005934                UART_CheckIdleState
 .text.UART_WaitOnFlagUntilTimeout
                0x0000000008005a88       0xda ./Drivers/STM32G4xx_HAL_Driver/Src/stm32g4xx_hal_uart.o
                0x0000000008005a88                UART_WaitOnFlagUntilTimeout
 *fill*         0x0000000008005b62        0x2 
 .text.UART_Start_Receive_IT
                0x0000000008005b64      0x244 ./Drivers/STM32G4xx_HAL_Driver/Src/stm32g4xx_hal_uart.o
                0x0000000008005b64                UART_Start_Receive_IT
 .text.UART_EndRxTransfer
                0x0000000008005da8       0xcc ./Drivers/STM32G4xx_HAL_Driver/Src/stm32g4xx_hal_uart.o
 .text.UART_DMAAbortOnError
                0x0000000008005e74       0x2c ./Drivers/STM32G4xx_HAL_Driver/Src/stm32g4xx_hal_uart.o
 .text.UART_EndTransmit_IT
                0x0000000008005ea0       0x56 ./Drivers/STM32G4xx_HAL_Driver/Src/stm32g4xx_hal_uart.o
 *fill*         0x0000000008005ef6        0x2 
 .text.UART_RxISR_8BIT
                0x0000000008005ef8      0x1b8 ./Drivers/STM32G4xx_HAL_Driver/Src/stm32g4xx_hal_uart.o
 .text.UART_RxISR_16BIT
                0x00000000080060b0      0x1b8 ./Drivers/STM32G4xx_HAL_Driver/Src/stm32g4xx_hal_uart.o
 .text.UART_RxISR_8BIT_FIFOEN
                0x0000000008006268      0x360 ./Drivers/STM32G4xx_HAL_Driver/Src/stm32g4xx_hal_uart.o
 .text.UART_RxISR_16BIT_FIFOEN
                0x00000000080065c8      0x368 ./Drivers/STM32G4xx_HAL_Driver/Src/stm32g4xx_hal_uart.o
 .text.HAL_UARTEx_WakeupCallback
                0x0000000008006930       0x14 ./Drivers/STM32G4xx_HAL_Driver/Src/stm32g4xx_hal_uart_ex.o
                0x0000000008006930                HAL_UARTEx_WakeupCallback
 .text.HAL_UARTEx_RxFifoFullCallback
                0x0000000008006944       0x14 ./Drivers/STM32G4xx_HAL_Driver/Src/stm32g4xx_hal_uart_ex.o
                0x0000000008006944                HAL_UARTEx_RxFifoFullCallback
 .text.HAL_UARTEx_TxFifoEmptyCallback
                0x0000000008006958       0x14 ./Drivers/STM32G4xx_HAL_Driver/Src/stm32g4xx_hal_uart_ex.o
                0x0000000008006958                HAL_UARTEx_TxFifoEmptyCallback
 .text.HAL_UARTEx_DisableFifoMode
                0x000000000800696c       0x72 ./Drivers/STM32G4xx_HAL_Driver/Src/stm32g4xx_hal_uart_ex.o
                0x000000000800696c                HAL_UARTEx_DisableFifoMode
 .text.HAL_UARTEx_SetTxFifoThreshold
                0x00000000080069de       0x7c ./Drivers/STM32G4xx_HAL_Driver/Src/stm32g4xx_hal_uart_ex.o
                0x00000000080069de                HAL_UARTEx_SetTxFifoThreshold
 .text.HAL_UARTEx_SetRxFifoThreshold
                0x0000000008006a5a       0x7c ./Drivers/STM32G4xx_HAL_Driver/Src/stm32g4xx_hal_uart_ex.o
                0x0000000008006a5a                HAL_UARTEx_SetRxFifoThreshold
 *fill*         0x0000000008006ad6        0x2 
 .text.UARTEx_SetNbDataToProcess
                0x0000000008006ad8       0x9c ./Drivers/STM32G4xx_HAL_Driver/Src/stm32g4xx_hal_uart_ex.o
 .text.memset   0x0000000008006b74       0x10 E:/STM32/STM32CubeIDE_1.14.0/STM32CubeIDE/plugins/com.st.stm32cube.ide.mcu.externaltools.gnu-tools-for-stm32.11.3.rel1.win32_1.1.100.202309141235/tools/bin/../lib/gcc/arm-none-eabi/11.3.1/../../../../arm-none-eabi/lib/thumb/v7e-m+fp/hard\libc_nano.a(libc_a-memset.o)
                0x0000000008006b74                memset
 .text.__libc_init_array
                0x0000000008006b84       0x48 E:/STM32/STM32CubeIDE_1.14.0/STM32CubeIDE/plugins/com.st.stm32cube.ide.mcu.externaltools.gnu-tools-for-stm32.11.3.rel1.win32_1.1.100.202309141235/tools/bin/../lib/gcc/arm-none-eabi/11.3.1/../../../../arm-none-eabi/lib/thumb/v7e-m+fp/hard\libc_nano.a(libc_a-init.o)
                0x0000000008006b84                __libc_init_array
 *(.glue_7)
 .glue_7        0x0000000008006bcc        0x0 linker stubs
 *(.glue_7t)
 .glue_7t       0x0000000008006bcc        0x0 linker stubs
 *(.eh_frame)
 .eh_frame      0x0000000008006bcc        0x0 E:/STM32/STM32CubeIDE_1.14.0/STM32CubeIDE/plugins/com.st.stm32cube.ide.mcu.externaltools.gnu-tools-for-stm32.11.3.rel1.win32_1.1.100.202309141235/tools/bin/../lib/gcc/arm-none-eabi/11.3.1/thumb/v7e-m+fp/hard/crtbegin.o
 *(.init)
 .init          0x0000000008006bcc        0x4 E:/STM32/STM32CubeIDE_1.14.0/STM32CubeIDE/plugins/com.st.stm32cube.ide.mcu.externaltools.gnu-tools-for-stm32.11.3.rel1.win32_1.1.100.202309141235/tools/bin/../lib/gcc/arm-none-eabi/11.3.1/thumb/v7e-m+fp/hard/crti.o
                0x0000000008006bcc                _init
 .init          0x0000000008006bd0        0x8 E:/STM32/STM32CubeIDE_1.14.0/STM32CubeIDE/plugins/com.st.stm32cube.ide.mcu.externaltools.gnu-tools-for-stm32.11.3.rel1.win32_1.1.100.202309141235/tools/bin/../lib/gcc/arm-none-eabi/11.3.1/thumb/v7e-m+fp/hard/crtn.o
 *(.fini)
 .fini          0x0000000008006bd8        0x4 E:/STM32/STM32CubeIDE_1.14.0/STM32CubeIDE/plugins/com.st.stm32cube.ide.mcu.externaltools.gnu-tools-for-stm32.11.3.rel1.win32_1.1.100.202309141235/tools/bin/../lib/gcc/arm-none-eabi/11.3.1/thumb/v7e-m+fp/hard/crti.o
                0x0000000008006bd8                _fini
 .fini          0x0000000008006bdc        0x8 E:/STM32/STM32CubeIDE_1.14.0/STM32CubeIDE/plugins/com.st.stm32cube.ide.mcu.externaltools.gnu-tools-for-stm32.11.3.rel1.win32_1.1.100.202309141235/tools/bin/../lib/gcc/arm-none-eabi/11.3.1/thumb/v7e-m+fp/hard/crtn.o
                0x0000000008006be4                . = ALIGN (0x4)
                0x0000000008006be4                _etext = .

.vfp11_veneer   0x0000000008006be4        0x0
 .vfp11_veneer  0x0000000008006be4        0x0 linker stubs

.v4_bx          0x0000000008006be4        0x0
 .v4_bx         0x0000000008006be4        0x0 linker stubs

.iplt           0x0000000008006be4        0x0
 .iplt          0x0000000008006be4        0x0 E:/STM32/STM32CubeIDE_1.14.0/STM32CubeIDE/plugins/com.st.stm32cube.ide.mcu.externaltools.gnu-tools-for-stm32.11.3.rel1.win32_1.1.100.202309141235/tools/bin/../lib/gcc/arm-none-eabi/11.3.1/thumb/v7e-m+fp/hard/crtbegin.o

.rodata         0x0000000008006be4     0x1084
                0x0000000008006be4                . = ALIGN (0x4)
 *(.rodata)
 .rodata        0x0000000008006be4        0x7 ./Core/Src/nokia.o
 *(.rodata*)
 *fill*         0x0000000008006beb        0x1 
 .rodata.welcome1
                0x0000000008006bec        0x7 ./Core/Src/lcd.o
 *fill*         0x0000000008006bf3        0x1 
 .rodata.mu1    0x0000000008006bf4        0x7 ./Core/Src/lcd.o
 *fill*         0x0000000008006bfb        0x1 
 .rodata.mu2    0x0000000008006bfc        0x6 ./Core/Src/lcd.o
 *fill*         0x0000000008006c02        0x2 
 .rodata.mu3    0x0000000008006c04        0x7 ./Core/Src/lcd.o
 *fill*         0x0000000008006c0b        0x1 
 .rodata.key1   0x0000000008006c0c        0x7 ./Core/Src/lcd.o
 *fill*         0x0000000008006c13        0x1 
 .rodata.key2   0x0000000008006c14        0x5 ./Core/Src/lcd.o
 *fill*         0x0000000008006c19        0x3 
 .rodata.key3   0x0000000008006c1c        0x8 ./Core/Src/lcd.o
 .rodata.b_freq
                0x0000000008006c24       0x58 ./Core/Src/music.o
 .rodata.name1  0x0000000008006c7c       0x14 ./Core/Src/music.o
 .rodata.music1k
                0x0000000008006c90      0x4b0 ./Core/Src/music.o
 .rodata.name2  0x0000000008007140       0x14 ./Core/Src/music.o
 .rodata.music2k
                0x0000000008007154      0x640 ./Core/Src/music.o
 .rodata.name3  0x0000000008007794       0x14 ./Core/Src/music.o
 .rodata.music3k
                0x00000000080077a8      0x258 ./Core/Src/music.o
 .rodata.font6x8
                0x0000000008007a00      0x228 ./Core/Src/nokia.o
                0x0000000008007a00                font6x8
 .rodata.AHBPrescTable
                0x0000000008007c28       0x10 ./Core/Src/system_stm32g4xx.o
                0x0000000008007c28                AHBPrescTable
 .rodata.APBPrescTable
                0x0000000008007c38        0x8 ./Core/Src/system_stm32g4xx.o
                0x0000000008007c38                APBPrescTable
 .rodata.UARTPrescTable
                0x0000000008007c40       0x18 ./Drivers/STM32G4xx_HAL_Driver/Src/stm32g4xx_hal_uart.o
                0x0000000008007c40                UARTPrescTable
 .rodata.numerator.1
                0x0000000008007c58        0x8 ./Drivers/STM32G4xx_HAL_Driver/Src/stm32g4xx_hal_uart_ex.o
 .rodata.denominator.0
                0x0000000008007c60        0x8 ./Drivers/STM32G4xx_HAL_Driver/Src/stm32g4xx_hal_uart_ex.o
                0x0000000008007c68                . = ALIGN (0x4)

.ARM.extab      0x0000000008007c68        0x0
                0x0000000008007c68                . = ALIGN (0x4)
 *(.ARM.extab* .gnu.linkonce.armextab.*)
                0x0000000008007c68                . = ALIGN (0x4)

.ARM            0x0000000008007c68        0x8
                0x0000000008007c68                . = ALIGN (0x4)
                0x0000000008007c68                __exidx_start = .
 *(.ARM.exidx*)
 .ARM.exidx     0x0000000008007c68        0x8 E:/STM32/STM32CubeIDE_1.14.0/STM32CubeIDE/plugins/com.st.stm32cube.ide.mcu.externaltools.gnu-tools-for-stm32.11.3.rel1.win32_1.1.100.202309141235/tools/bin/../lib/gcc/arm-none-eabi/11.3.1/thumb/v7e-m+fp/hard\libgcc.a(_udivmoddi4.o)
                0x0000000008007c70                __exidx_end = .
                0x0000000008007c70                . = ALIGN (0x4)

.rel.dyn        0x0000000008007c70        0x0
 .rel.iplt      0x0000000008007c70        0x0 E:/STM32/STM32CubeIDE_1.14.0/STM32CubeIDE/plugins/com.st.stm32cube.ide.mcu.externaltools.gnu-tools-for-stm32.11.3.rel1.win32_1.1.100.202309141235/tools/bin/../lib/gcc/arm-none-eabi/11.3.1/thumb/v7e-m+fp/hard/crtbegin.o

.preinit_array  0x0000000008007c70        0x0
                0x0000000008007c70                . = ALIGN (0x4)
                0x0000000008007c70                PROVIDE (__preinit_array_start = .)
 *(.preinit_array*)
                0x0000000008007c70                PROVIDE (__preinit_array_end = .)
                0x0000000008007c70                . = ALIGN (0x4)

.init_array     0x0000000008007c70        0x4
                0x0000000008007c70                . = ALIGN (0x4)
                0x0000000008007c70                PROVIDE (__init_array_start = .)
 *(SORT_BY_NAME(.init_array.*))
 *(.init_array*)
 .init_array    0x0000000008007c70        0x4 E:/STM32/STM32CubeIDE_1.14.0/STM32CubeIDE/plugins/com.st.stm32cube.ide.mcu.externaltools.gnu-tools-for-stm32.11.3.rel1.win32_1.1.100.202309141235/tools/bin/../lib/gcc/arm-none-eabi/11.3.1/thumb/v7e-m+fp/hard/crtbegin.o
                0x0000000008007c74                PROVIDE (__init_array_end = .)
                0x0000000008007c74                . = ALIGN (0x4)

.fini_array     0x0000000008007c74        0x4
                0x0000000008007c74                . = ALIGN (0x4)
                [!provide]                        PROVIDE (__fini_array_start = .)
 *(SORT_BY_NAME(.fini_array.*))
 *(.fini_array*)
 .fini_array    0x0000000008007c74        0x4 E:/STM32/STM32CubeIDE_1.14.0/STM32CubeIDE/plugins/com.st.stm32cube.ide.mcu.externaltools.gnu-tools-for-stm32.11.3.rel1.win32_1.1.100.202309141235/tools/bin/../lib/gcc/arm-none-eabi/11.3.1/thumb/v7e-m+fp/hard/crtbegin.o
                [!provide]                        PROVIDE (__fini_array_end = .)
                0x0000000008007c78                . = ALIGN (0x4)
                0x0000000008007c78                _sidata = LOADADDR (.data)

.data           0x0000000020000000        0xc load address 0x0000000008007c78
                0x0000000020000000                . = ALIGN (0x4)
                0x0000000020000000                _sdata = .
 *(.data)
 *(.data*)
 .data.SystemCoreClock
                0x0000000020000000        0x4 ./Core/Src/system_stm32g4xx.o
                0x0000000020000000                SystemCoreClock
 .data.uwTickPrio
                0x0000000020000004        0x4 ./Drivers/STM32G4xx_HAL_Driver/Src/stm32g4xx_hal.o
                0x0000000020000004                uwTickPrio
 .data.uwTickFreq
                0x0000000020000008        0x4 ./Drivers/STM32G4xx_HAL_Driver/Src/stm32g4xx_hal.o
                0x0000000020000008                uwTickFreq
 *(.RamFunc)
 *(.RamFunc*)
                0x000000002000000c                . = ALIGN (0x4)
                0x000000002000000c                _edata = .

.igot.plt       0x000000002000000c        0x0 load address 0x0000000008007c84
 .igot.plt      0x000000002000000c        0x0 E:/STM32/STM32CubeIDE_1.14.0/STM32CubeIDE/plugins/com.st.stm32cube.ide.mcu.externaltools.gnu-tools-for-stm32.11.3.rel1.win32_1.1.100.202309141235/tools/bin/../lib/gcc/arm-none-eabi/11.3.1/thumb/v7e-m+fp/hard/crtbegin.o
                0x000000002000000c                . = ALIGN (0x4)

.bss            0x000000002000000c      0x2f4 load address 0x0000000008007c84
                0x000000002000000c                _sbss = .
                0x000000002000000c                __bss_start__ = _sbss
 *(.bss)
 .bss           0x000000002000000c       0x1c E:/STM32/STM32CubeIDE_1.14.0/STM32CubeIDE/plugins/com.st.stm32cube.ide.mcu.externaltools.gnu-tools-for-stm32.11.3.rel1.win32_1.1.100.202309141235/tools/bin/../lib/gcc/arm-none-eabi/11.3.1/thumb/v7e-m+fp/hard/crtbegin.o
 *(.bss*)
 .bss.total     0x0000000020000028       0xac ./Core/Src/main.o
                0x0000000020000028                total
 .bss.temp      0x00000000200000d4        0x4 ./Core/Src/main.o
                0x00000000200000d4                temp
 .bss.flag_key  0x00000000200000d8        0x4 ./Core/Src/main.o
                0x00000000200000d8                flag_key
 .bss.rxkey     0x00000000200000dc        0x4 ./Core/Src/main.o
                0x00000000200000dc                rxkey
 .bss.rx_data   0x00000000200000e0        0x1 ./Core/Src/main.o
                0x00000000200000e0                rx_data
 *fill*         0x00000000200000e1        0x3 
 .bss.lSystemCnt
                0x00000000200000e4        0x4 ./Core/Src/stm32g4xx_it.o
                0x00000000200000e4                lSystemCnt
 .bss.strSysTimer
                0x00000000200000e8        0x4 ./Core/Src/stm32g4xx_it.o
                0x00000000200000e8                strSysTimer
 .bss.htim2     0x00000000200000ec       0x4c ./Core/Src/tim.o
                0x00000000200000ec                htim2
 .bss.htim3     0x0000000020000138       0x4c ./Core/Src/tim.o
                0x0000000020000138                htim3
 .bss.htim15    0x0000000020000184       0x4c ./Core/Src/tim.o
                0x0000000020000184                htim15
 .bss.htim16    0x00000000200001d0       0x4c ./Core/Src/tim.o
                0x00000000200001d0                htim16
 .bss.htim17    0x000000002000021c       0x4c ./Core/Src/tim.o
                0x000000002000021c                htim17
 .bss.huart1    0x0000000020000268       0x94 ./Core/Src/usart.o
                0x0000000020000268                huart1
 .bss.uwTick    0x00000000200002fc        0x4 ./Drivers/STM32G4xx_HAL_Driver/Src/stm32g4xx_hal.o
                0x00000000200002fc                uwTick
 *(COMMON)
                0x0000000020000300                . = ALIGN (0x4)
                0x0000000020000300                _ebss = .
                0x0000000020000300                __bss_end__ = _ebss

._user_heap_stack
                0x0000000020000300      0x600 load address 0x0000000008007c84
                0x0000000020000300                . = ALIGN (0x8)
                [!provide]                        PROVIDE (end = .)
                0x0000000020000300                PROVIDE (_end = .)
                0x0000000020000500                . = (. + _Min_Heap_Size)
 *fill*         0x0000000020000300      0x200 
                0x0000000020000900                . = (. + _Min_Stack_Size)
 *fill*         0x0000000020000500      0x400 
                0x0000000020000900                . = ALIGN (0x8)

/DISCARD/
 libc.a(*)
 libm.a(*)
 libgcc.a(*)

.ARM.attributes
                0x0000000000000000       0x30
 *(.ARM.attributes)
 .ARM.attributes
                0x0000000000000000       0x1e E:/STM32/STM32CubeIDE_1.14.0/STM32CubeIDE/plugins/com.st.stm32cube.ide.mcu.externaltools.gnu-tools-for-stm32.11.3.rel1.win32_1.1.100.202309141235/tools/bin/../lib/gcc/arm-none-eabi/11.3.1/thumb/v7e-m+fp/hard/crti.o
 .ARM.attributes
                0x000000000000001e       0x34 E:/STM32/STM32CubeIDE_1.14.0/STM32CubeIDE/plugins/com.st.stm32cube.ide.mcu.externaltools.gnu-tools-for-stm32.11.3.rel1.win32_1.1.100.202309141235/tools/bin/../lib/gcc/arm-none-eabi/11.3.1/thumb/v7e-m+fp/hard/crtbegin.o
 .ARM.attributes
                0x0000000000000052       0x34 ./Core/Src/Init.o
 .ARM.attributes
                0x0000000000000086       0x34 ./Core/Src/gpio.o
 .ARM.attributes
                0x00000000000000ba       0x34 ./Core/Src/key.o
 .ARM.attributes
                0x00000000000000ee       0x34 ./Core/Src/lcd.o
 .ARM.attributes
                0x0000000000000122       0x34 ./Core/Src/loop.o
 .ARM.attributes
                0x0000000000000156       0x34 ./Core/Src/main.o
 .ARM.attributes
                0x000000000000018a       0x34 ./Core/Src/music.o
 .ARM.attributes
                0x00000000000001be       0x34 ./Core/Src/nokia.o
 .ARM.attributes
                0x00000000000001f2       0x34 ./Core/Src/stm32g4xx_hal_msp.o
 .ARM.attributes
                0x0000000000000226       0x34 ./Core/Src/stm32g4xx_it.o
 .ARM.attributes
                0x000000000000025a       0x34 ./Core/Src/system_stm32g4xx.o
 .ARM.attributes
                0x000000000000028e       0x34 ./Core/Src/tim.o
 .ARM.attributes
                0x00000000000002c2       0x34 ./Core/Src/usart.o
 .ARM.attributes
                0x00000000000002f6       0x21 ./Core/Startup/startup_stm32g431rbtx.o
 .ARM.attributes
                0x0000000000000317       0x34 ./Drivers/STM32G4xx_HAL_Driver/Src/stm32g4xx_hal.o
 .ARM.attributes
                0x000000000000034b       0x34 ./Drivers/STM32G4xx_HAL_Driver/Src/stm32g4xx_hal_cortex.o
 .ARM.attributes
                0x000000000000037f       0x34 ./Drivers/STM32G4xx_HAL_Driver/Src/stm32g4xx_hal_dma.o
 .ARM.attributes
                0x00000000000003b3       0x34 ./Drivers/STM32G4xx_HAL_Driver/Src/stm32g4xx_hal_gpio.o
 .ARM.attributes
                0x00000000000003e7       0x34 ./Drivers/STM32G4xx_HAL_Driver/Src/stm32g4xx_hal_pwr_ex.o
 .ARM.attributes
                0x000000000000041b       0x34 ./Drivers/STM32G4xx_HAL_Driver/Src/stm32g4xx_hal_rcc.o
 .ARM.attributes
                0x000000000000044f       0x34 ./Drivers/STM32G4xx_HAL_Driver/Src/stm32g4xx_hal_rcc_ex.o
 .ARM.attributes
                0x0000000000000483       0x34 ./Drivers/STM32G4xx_HAL_Driver/Src/stm32g4xx_hal_tim.o
 .ARM.attributes
                0x00000000000004b7       0x34 ./Drivers/STM32G4xx_HAL_Driver/Src/stm32g4xx_hal_tim_ex.o
 .ARM.attributes
                0x00000000000004eb       0x34 ./Drivers/STM32G4xx_HAL_Driver/Src/stm32g4xx_hal_uart.o
 .ARM.attributes
                0x000000000000051f       0x34 ./Drivers/STM32G4xx_HAL_Driver/Src/stm32g4xx_hal_uart_ex.o
 .ARM.attributes
                0x0000000000000553       0x34 E:/STM32/STM32CubeIDE_1.14.0/STM32CubeIDE/plugins/com.st.stm32cube.ide.mcu.externaltools.gnu-tools-for-stm32.11.3.rel1.win32_1.1.100.202309141235/tools/bin/../lib/gcc/arm-none-eabi/11.3.1/../../../../arm-none-eabi/lib/thumb/v7e-m+fp/hard\libc_nano.a(libc_a-memset.o)
 .ARM.attributes
                0x0000000000000587       0x34 E:/STM32/STM32CubeIDE_1.14.0/STM32CubeIDE/plugins/com.st.stm32cube.ide.mcu.externaltools.gnu-tools-for-stm32.11.3.rel1.win32_1.1.100.202309141235/tools/bin/../lib/gcc/arm-none-eabi/11.3.1/../../../../arm-none-eabi/lib/thumb/v7e-m+fp/hard\libc_nano.a(libc_a-init.o)
 .ARM.attributes
                0x00000000000005bb       0x1e E:/STM32/STM32CubeIDE_1.14.0/STM32CubeIDE/plugins/com.st.stm32cube.ide.mcu.externaltools.gnu-tools-for-stm32.11.3.rel1.win32_1.1.100.202309141235/tools/bin/../lib/gcc/arm-none-eabi/11.3.1/thumb/v7e-m+fp/hard\libgcc.a(_aeabi_uldivmod.o)
 .ARM.attributes
                0x00000000000005d9       0x34 E:/STM32/STM32CubeIDE_1.14.0/STM32CubeIDE/plugins/com.st.stm32cube.ide.mcu.externaltools.gnu-tools-for-stm32.11.3.rel1.win32_1.1.100.202309141235/tools/bin/../lib/gcc/arm-none-eabi/11.3.1/thumb/v7e-m+fp/hard\libgcc.a(_udivmoddi4.o)
 .ARM.attributes
                0x000000000000060d       0x1e E:/STM32/STM32CubeIDE_1.14.0/STM32CubeIDE/plugins/com.st.stm32cube.ide.mcu.externaltools.gnu-tools-for-stm32.11.3.rel1.win32_1.1.100.202309141235/tools/bin/../lib/gcc/arm-none-eabi/11.3.1/thumb/v7e-m+fp/hard\libgcc.a(_dvmd_tls.o)
 .ARM.attributes
                0x000000000000062b       0x1e E:/STM32/STM32CubeIDE_1.14.0/STM32CubeIDE/plugins/com.st.stm32cube.ide.mcu.externaltools.gnu-tools-for-stm32.11.3.rel1.win32_1.1.100.202309141235/tools/bin/../lib/gcc/arm-none-eabi/11.3.1/thumb/v7e-m+fp/hard/crtn.o
OUTPUT(Gtest.elf elf32-littlearm)
LOAD linker stubs
LOAD E:/STM32/STM32CubeIDE_1.14.0/STM32CubeIDE/plugins/com.st.stm32cube.ide.mcu.externaltools.gnu-tools-for-stm32.11.3.rel1.win32_1.1.100.202309141235/tools/bin/../lib/gcc/arm-none-eabi/11.3.1/../../../../arm-none-eabi/lib/thumb/v7e-m+fp/hard\libc.a
LOAD E:/STM32/STM32CubeIDE_1.14.0/STM32CubeIDE/plugins/com.st.stm32cube.ide.mcu.externaltools.gnu-tools-for-stm32.11.3.rel1.win32_1.1.100.202309141235/tools/bin/../lib/gcc/arm-none-eabi/11.3.1/../../../../arm-none-eabi/lib/thumb/v7e-m+fp/hard\libm.a
LOAD E:/STM32/STM32CubeIDE_1.14.0/STM32CubeIDE/plugins/com.st.stm32cube.ide.mcu.externaltools.gnu-tools-for-stm32.11.3.rel1.win32_1.1.100.202309141235/tools/bin/../lib/gcc/arm-none-eabi/11.3.1/thumb/v7e-m+fp/hard\libgcc.a

.comment        0x0000000000000000       0x43
 .comment       0x0000000000000000       0x43 E:/STM32/STM32CubeIDE_1.14.0/STM32CubeIDE/plugins/com.st.stm32cube.ide.mcu.externaltools.gnu-tools-for-stm32.11.3.rel1.win32_1.1.100.202309141235/tools/bin/../lib/gcc/arm-none-eabi/11.3.1/thumb/v7e-m+fp/hard/crtbegin.o
                                         0x44 (size before relaxing)
 .comment       0x0000000000000043       0x44 ./Core/Src/Init.o
 .comment       0x0000000000000043       0x44 ./Core/Src/gpio.o
 .comment       0x0000000000000043       0x44 ./Core/Src/key.o
 .comment       0x0000000000000043       0x44 ./Core/Src/lcd.o
 .comment       0x0000000000000043       0x44 ./Core/Src/loop.o
 .comment       0x0000000000000043       0x44 ./Core/Src/main.o
 .comment       0x0000000000000043       0x44 ./Core/Src/music.o
 .comment       0x0000000000000043       0x44 ./Core/Src/nokia.o
 .comment       0x0000000000000043       0x44 ./Core/Src/stm32g4xx_hal_msp.o
 .comment       0x0000000000000043       0x44 ./Core/Src/stm32g4xx_it.o
 .comment       0x0000000000000043       0x44 ./Core/Src/system_stm32g4xx.o
 .comment       0x0000000000000043       0x44 ./Core/Src/tim.o
 .comment       0x0000000000000043       0x44 ./Core/Src/usart.o
 .comment       0x0000000000000043       0x44 ./Drivers/STM32G4xx_HAL_Driver/Src/stm32g4xx_hal.o
 .comment       0x0000000000000043       0x44 ./Drivers/STM32G4xx_HAL_Driver/Src/stm32g4xx_hal_cortex.o
 .comment       0x0000000000000043       0x44 ./Drivers/STM32G4xx_HAL_Driver/Src/stm32g4xx_hal_dma.o
 .comment       0x0000000000000043       0x44 ./Drivers/STM32G4xx_HAL_Driver/Src/stm32g4xx_hal_gpio.o
 .comment       0x0000000000000043       0x44 ./Drivers/STM32G4xx_HAL_Driver/Src/stm32g4xx_hal_pwr_ex.o
 .comment       0x0000000000000043       0x44 ./Drivers/STM32G4xx_HAL_Driver/Src/stm32g4xx_hal_rcc.o
 .comment       0x0000000000000043       0x44 ./Drivers/STM32G4xx_HAL_Driver/Src/stm32g4xx_hal_rcc_ex.o
 .comment       0x0000000000000043       0x44 ./Drivers/STM32G4xx_HAL_Driver/Src/stm32g4xx_hal_tim.o
 .comment       0x0000000000000043       0x44 ./Drivers/STM32G4xx_HAL_Driver/Src/stm32g4xx_hal_tim_ex.o
 .comment       0x0000000000000043       0x44 ./Drivers/STM32G4xx_HAL_Driver/Src/stm32g4xx_hal_uart.o
 .comment       0x0000000000000043       0x44 ./Drivers/STM32G4xx_HAL_Driver/Src/stm32g4xx_hal_uart_ex.o

.debug_info     0x0000000000000000    0x1521c
 .debug_info    0x0000000000000000      0x3e3 ./Core/Src/Init.o
 .debug_info    0x00000000000003e3      0x463 ./Core/Src/gpio.o
 .debug_info    0x0000000000000846      0x35e ./Core/Src/key.o
 .debug_info    0x0000000000000ba4      0x38b ./Core/Src/lcd.o
 .debug_info    0x0000000000000f2f      0x455 ./Core/Src/loop.o
 .debug_info    0x0000000000001384      0xfb4 ./Core/Src/main.o
 .debug_info    0x0000000000002338      0xe68 ./Core/Src/music.o
 .debug_info    0x00000000000031a0      0x39b ./Core/Src/nokia.o
 .debug_info    0x000000000000353b      0x2da ./Core/Src/stm32g4xx_hal_msp.o
 .debug_info    0x0000000000003815      0x8e1 ./Core/Src/stm32g4xx_it.o
 .debug_info    0x00000000000040f6      0x58e ./Core/Src/system_stm32g4xx.o
 .debug_info    0x0000000000004684     0x1181 ./Core/Src/tim.o
 .debug_info    0x0000000000005805      0xfac ./Core/Src/usart.o
 .debug_info    0x00000000000067b1       0x23 ./Core/Startup/startup_stm32g431rbtx.o
 .debug_info    0x00000000000067d4      0xadb ./Drivers/STM32G4xx_HAL_Driver/Src/stm32g4xx_hal.o
 .debug_info    0x00000000000072af      0xcf3 ./Drivers/STM32G4xx_HAL_Driver/Src/stm32g4xx_hal_cortex.o
 .debug_info    0x0000000000007fa2      0x85f ./Drivers/STM32G4xx_HAL_Driver/Src/stm32g4xx_hal_dma.o
 .debug_info    0x0000000000008801      0x763 ./Drivers/STM32G4xx_HAL_Driver/Src/stm32g4xx_hal_gpio.o
 .debug_info    0x0000000000008f64      0x93f ./Drivers/STM32G4xx_HAL_Driver/Src/stm32g4xx_hal_pwr_ex.o
 .debug_info    0x00000000000098a3      0xb82 ./Drivers/STM32G4xx_HAL_Driver/Src/stm32g4xx_hal_rcc.o
 .debug_info    0x000000000000a425      0xc15 ./Drivers/STM32G4xx_HAL_Driver/Src/stm32g4xx_hal_rcc_ex.o
 .debug_info    0x000000000000b03a     0x2c52 ./Drivers/STM32G4xx_HAL_Driver/Src/stm32g4xx_hal_tim.o
 .debug_info    0x000000000000dc8c     0x1d95 ./Drivers/STM32G4xx_HAL_Driver/Src/stm32g4xx_hal_tim_ex.o
 .debug_info    0x000000000000fa21     0x481e ./Drivers/STM32G4xx_HAL_Driver/Src/stm32g4xx_hal_uart.o
 .debug_info    0x000000000001423f      0xfdd ./Drivers/STM32G4xx_HAL_Driver/Src/stm32g4xx_hal_uart_ex.o

.debug_abbrev   0x0000000000000000     0x3113
 .debug_abbrev  0x0000000000000000      0x122 ./Core/Src/Init.o
 .debug_abbrev  0x0000000000000122      0x152 ./Core/Src/gpio.o
 .debug_abbrev  0x0000000000000274      0x13e ./Core/Src/key.o
 .debug_abbrev  0x00000000000003b2      0x136 ./Core/Src/lcd.o
 .debug_abbrev  0x00000000000004e8      0x14b ./Core/Src/loop.o
 .debug_abbrev  0x0000000000000633      0x2a8 ./Core/Src/main.o
 .debug_abbrev  0x00000000000008db      0x28b ./Core/Src/music.o
 .debug_abbrev  0x0000000000000b66      0x19e ./Core/Src/nokia.o
 .debug_abbrev  0x0000000000000d04       0xd9 ./Core/Src/stm32g4xx_hal_msp.o
 .debug_abbrev  0x0000000000000ddd      0x1a6 ./Core/Src/stm32g4xx_it.o
 .debug_abbrev  0x0000000000000f83      0x11a ./Core/Src/system_stm32g4xx.o
 .debug_abbrev  0x000000000000109d      0x288 ./Core/Src/tim.o
 .debug_abbrev  0x0000000000001325      0x213 ./Core/Src/usart.o
 .debug_abbrev  0x0000000000001538       0x12 ./Core/Startup/startup_stm32g431rbtx.o
 .debug_abbrev  0x000000000000154a      0x271 ./Drivers/STM32G4xx_HAL_Driver/Src/stm32g4xx_hal.o
 .debug_abbrev  0x00000000000017bb      0x31c ./Drivers/STM32G4xx_HAL_Driver/Src/stm32g4xx_hal_cortex.o
 .debug_abbrev  0x0000000000001ad7      0x1e2 ./Drivers/STM32G4xx_HAL_Driver/Src/stm32g4xx_hal_dma.o
 .debug_abbrev  0x0000000000001cb9      0x1cb ./Drivers/STM32G4xx_HAL_Driver/Src/stm32g4xx_hal_gpio.o
 .debug_abbrev  0x0000000000001e84      0x22c ./Drivers/STM32G4xx_HAL_Driver/Src/stm32g4xx_hal_pwr_ex.o
 .debug_abbrev  0x00000000000020b0      0x2c9 ./Drivers/STM32G4xx_HAL_Driver/Src/stm32g4xx_hal_rcc.o
 .debug_abbrev  0x0000000000002379      0x258 ./Drivers/STM32G4xx_HAL_Driver/Src/stm32g4xx_hal_rcc_ex.o
 .debug_abbrev  0x00000000000025d1      0x2a7 ./Drivers/STM32G4xx_HAL_Driver/Src/stm32g4xx_hal_tim.o
 .debug_abbrev  0x0000000000002878      0x2c5 ./Drivers/STM32G4xx_HAL_Driver/Src/stm32g4xx_hal_tim_ex.o
 .debug_abbrev  0x0000000000002b3d      0x304 ./Drivers/STM32G4xx_HAL_Driver/Src/stm32g4xx_hal_uart.o
 .debug_abbrev  0x0000000000002e41      0x2d2 ./Drivers/STM32G4xx_HAL_Driver/Src/stm32g4xx_hal_uart_ex.o

.debug_aranges  0x0000000000000000     0x11f0
 .debug_aranges
                0x0000000000000000       0x20 ./Core/Src/Init.o
 .debug_aranges
                0x0000000000000020       0x20 ./Core/Src/gpio.o
 .debug_aranges
                0x0000000000000040       0x28 ./Core/Src/key.o
 .debug_aranges
                0x0000000000000068       0x20 ./Core/Src/lcd.o
 .debug_aranges
                0x0000000000000088       0x20 ./Core/Src/loop.o
 .debug_aranges
                0x00000000000000a8       0x38 ./Core/Src/main.o
 .debug_aranges
                0x00000000000000e0       0x68 ./Core/Src/music.o
 .debug_aranges
                0x0000000000000148       0x58 ./Core/Src/nokia.o
 .debug_aranges
                0x00000000000001a0       0x20 ./Core/Src/stm32g4xx_hal_msp.o
 .debug_aranges
                0x00000000000001c0       0x68 ./Core/Src/stm32g4xx_it.o
 .debug_aranges
                0x0000000000000228       0x28 ./Core/Src/system_stm32g4xx.o
 .debug_aranges
                0x0000000000000250       0x68 ./Core/Src/tim.o
 .debug_aranges
                0x00000000000002b8       0x30 ./Core/Src/usart.o
 .debug_aranges
                0x00000000000002e8       0x28 ./Core/Startup/startup_stm32g431rbtx.o
 .debug_aranges
                0x0000000000000310      0x148 ./Drivers/STM32G4xx_HAL_Driver/Src/stm32g4xx_hal.o
 .debug_aranges
                0x0000000000000458      0x118 ./Drivers/STM32G4xx_HAL_Driver/Src/stm32g4xx_hal_cortex.o
 .debug_aranges
                0x0000000000000570       0x90 ./Drivers/STM32G4xx_HAL_Driver/Src/stm32g4xx_hal_dma.o
 .debug_aranges
                0x0000000000000600       0x58 ./Drivers/STM32G4xx_HAL_Driver/Src/stm32g4xx_hal_gpio.o
 .debug_aranges
                0x0000000000000658      0x140 ./Drivers/STM32G4xx_HAL_Driver/Src/stm32g4xx_hal_pwr_ex.o
 .debug_aranges
                0x0000000000000798       0x98 ./Drivers/STM32G4xx_HAL_Driver/Src/stm32g4xx_hal_rcc.o
 .debug_aranges
                0x0000000000000830       0xb0 ./Drivers/STM32G4xx_HAL_Driver/Src/stm32g4xx_hal_rcc_ex.o
 .debug_aranges
                0x00000000000008e0      0x3e0 ./Drivers/STM32G4xx_HAL_Driver/Src/stm32g4xx_hal_tim.o
 .debug_aranges
                0x0000000000000cc0      0x240 ./Drivers/STM32G4xx_HAL_Driver/Src/stm32g4xx_hal_tim_ex.o
 .debug_aranges
                0x0000000000000f00      0x248 ./Drivers/STM32G4xx_HAL_Driver/Src/stm32g4xx_hal_uart.o
 .debug_aranges
                0x0000000000001148       0xa8 ./Drivers/STM32G4xx_HAL_Driver/Src/stm32g4xx_hal_uart_ex.o

.debug_rnglists
                0x0000000000000000      0xde8
 .debug_rnglists
                0x0000000000000000       0x13 ./Core/Src/Init.o
 .debug_rnglists
                0x0000000000000013       0x14 ./Core/Src/gpio.o
 .debug_rnglists
                0x0000000000000027       0x1a ./Core/Src/key.o
 .debug_rnglists
                0x0000000000000041       0x14 ./Core/Src/lcd.o
 .debug_rnglists
                0x0000000000000055       0x14 ./Core/Src/loop.o
 .debug_rnglists
                0x0000000000000069       0x27 ./Core/Src/main.o
 .debug_rnglists
                0x0000000000000090       0x4e ./Core/Src/music.o
 .debug_rnglists
                0x00000000000000de       0x40 ./Core/Src/nokia.o
 .debug_rnglists
                0x000000000000011e       0x13 ./Core/Src/stm32g4xx_hal_msp.o
 .debug_rnglists
                0x0000000000000131       0x4a ./Core/Src/stm32g4xx_it.o
 .debug_rnglists
                0x000000000000017b       0x1a ./Core/Src/system_stm32g4xx.o
 .debug_rnglists
                0x0000000000000195       0x51 ./Core/Src/tim.o
 .debug_rnglists
                0x00000000000001e6       0x21 ./Core/Src/usart.o
 .debug_rnglists
                0x0000000000000207       0x19 ./Core/Startup/startup_stm32g431rbtx.o
 .debug_rnglists
                0x0000000000000220       0xf1 ./Drivers/STM32G4xx_HAL_Driver/Src/stm32g4xx_hal.o
 .debug_rnglists
                0x0000000000000311       0xce ./Drivers/STM32G4xx_HAL_Driver/Src/stm32g4xx_hal_cortex.o
 .debug_rnglists
                0x00000000000003df       0x71 ./Drivers/STM32G4xx_HAL_Driver/Src/stm32g4xx_hal_dma.o
 .debug_rnglists
                0x0000000000000450       0x3f ./Drivers/STM32G4xx_HAL_Driver/Src/stm32g4xx_hal_gpio.o
 .debug_rnglists
                0x000000000000048f       0xf1 ./Drivers/STM32G4xx_HAL_Driver/Src/stm32g4xx_hal_pwr_ex.o
 .debug_rnglists
                0x0000000000000580       0x74 ./Drivers/STM32G4xx_HAL_Driver/Src/stm32g4xx_hal_rcc.o
 .debug_rnglists
                0x00000000000005f4       0x87 ./Drivers/STM32G4xx_HAL_Driver/Src/stm32g4xx_hal_rcc_ex.o
 .debug_rnglists
                0x000000000000067b      0x328 ./Drivers/STM32G4xx_HAL_Driver/Src/stm32g4xx_hal_tim.o
 .debug_rnglists
                0x00000000000009a3      0x1cc ./Drivers/STM32G4xx_HAL_Driver/Src/stm32g4xx_hal_tim_ex.o
 .debug_rnglists
                0x0000000000000b6f      0x1fa ./Drivers/STM32G4xx_HAL_Driver/Src/stm32g4xx_hal_uart.o
 .debug_rnglists
                0x0000000000000d69       0x7f ./Drivers/STM32G4xx_HAL_Driver/Src/stm32g4xx_hal_uart_ex.o

.debug_macro    0x0000000000000000    0x1e402
 .debug_macro   0x0000000000000000       0x4c ./Core/Src/Init.o
 .debug_macro   0x000000000000004c      0xaa8 ./Core/Src/Init.o
 .debug_macro   0x0000000000000af4       0x46 ./Core/Src/Init.o
 .debug_macro   0x0000000000000b3a      0x1e2 ./Core/Src/gpio.o
 .debug_macro   0x0000000000000d1c      0x15b ./Core/Src/gpio.o
 .debug_macro   0x0000000000000e77       0x2e ./Core/Src/gpio.o
 .debug_macro   0x0000000000000ea5       0x28 ./Core/Src/gpio.o
 .debug_macro   0x0000000000000ecd       0x22 ./Core/Src/gpio.o
 .debug_macro   0x0000000000000eef       0x8e ./Core/Src/gpio.o
 .debug_macro   0x0000000000000f7d       0x51 ./Core/Src/gpio.o
 .debug_macro   0x0000000000000fce      0x103 ./Core/Src/gpio.o
 .debug_macro   0x00000000000010d1       0x6a ./Core/Src/gpio.o
 .debug_macro   0x000000000000113b      0x1df ./Core/Src/gpio.o
 .debug_macro   0x000000000000131a       0x1c ./Core/Src/gpio.o
 .debug_macro   0x0000000000001336       0x22 ./Core/Src/gpio.o
 .debug_macro   0x0000000000001358       0xfb ./Core/Src/gpio.o
 .debug_macro   0x0000000000001453     0x1011 ./Core/Src/gpio.o
 .debug_macro   0x0000000000002464      0x11f ./Core/Src/gpio.o
 .debug_macro   0x0000000000002583    0x11350 ./Core/Src/gpio.o
 .debug_macro   0x00000000000138d3       0x6d ./Core/Src/gpio.o
 .debug_macro   0x0000000000013940     0x354d ./Core/Src/gpio.o
 .debug_macro   0x0000000000016e8d      0x174 ./Core/Src/gpio.o
 .debug_macro   0x0000000000017001       0x5c ./Core/Src/gpio.o
 .debug_macro   0x000000000001705d     0x141d ./Core/Src/gpio.o
 .debug_macro   0x000000000001847a      0x535 ./Core/Src/gpio.o
 .debug_macro   0x00000000000189af      0x1b6 ./Core/Src/gpio.o
 .debug_macro   0x0000000000018b65      0x288 ./Core/Src/gpio.o
 .debug_macro   0x0000000000018ded      0x41d ./Core/Src/gpio.o
 .debug_macro   0x000000000001920a      0x18b ./Core/Src/gpio.o
 .debug_macro   0x0000000000019395       0x43 ./Core/Src/gpio.o
 .debug_macro   0x00000000000193d8      0x23d ./Core/Src/gpio.o
 .debug_macro   0x0000000000019615      0x211 ./Core/Src/gpio.o
 .debug_macro   0x0000000000019826      0x401 ./Core/Src/gpio.o
 .debug_macro   0x0000000000019c27      0x107 ./Core/Src/gpio.o
 .debug_macro   0x0000000000019d2e      0x122 ./Core/Src/gpio.o
 .debug_macro   0x0000000000019e50      0x3d1 ./Core/Src/gpio.o
 .debug_macro   0x000000000001a221      0xbda ./Core/Src/gpio.o
 .debug_macro   0x000000000001adfb      0x47e ./Core/Src/gpio.o
 .debug_macro   0x000000000001b279      0x693 ./Core/Src/gpio.o
 .debug_macro   0x000000000001b90c       0xa6 ./Core/Src/gpio.o
 .debug_macro   0x000000000001b9b2      0x306 ./Core/Src/gpio.o
 .debug_macro   0x000000000001bcb8      0x1f6 ./Core/Src/key.o
 .debug_macro   0x000000000001beae       0x2e ./Core/Src/lcd.o
 .debug_macro   0x000000000001bedc       0x5d ./Core/Src/loop.o
 .debug_macro   0x000000000001bf39       0x16 ./Core/Src/loop.o
 .debug_macro   0x000000000001bf4f      0x258 ./Core/Src/main.o
 .debug_macro   0x000000000001c1a7      0x207 ./Core/Src/music.o
 .debug_macro   0x000000000001c3ae      0x1f5 ./Core/Src/nokia.o
 .debug_macro   0x000000000001c5a3      0x1d8 ./Core/Src/stm32g4xx_hal_msp.o
 .debug_macro   0x000000000001c77b      0x1eb ./Core/Src/stm32g4xx_it.o
 .debug_macro   0x000000000001c966      0x1ce ./Core/Src/system_stm32g4xx.o
 .debug_macro   0x000000000001cb34      0x1e2 ./Core/Src/tim.o
 .debug_macro   0x000000000001cd16      0x1e2 ./Core/Src/usart.o
 .debug_macro   0x000000000001cef8      0x21c ./Drivers/STM32G4xx_HAL_Driver/Src/stm32g4xx_hal.o
 .debug_macro   0x000000000001d114      0x1ce ./Drivers/STM32G4xx_HAL_Driver/Src/stm32g4xx_hal_cortex.o
 .debug_macro   0x000000000001d2e2      0x1ce ./Drivers/STM32G4xx_HAL_Driver/Src/stm32g4xx_hal_dma.o
 .debug_macro   0x000000000001d4b0      0x1d5 ./Drivers/STM32G4xx_HAL_Driver/Src/stm32g4xx_hal_gpio.o
 .debug_macro   0x000000000001d685      0x1f8 ./Drivers/STM32G4xx_HAL_Driver/Src/stm32g4xx_hal_pwr_ex.o
 .debug_macro   0x000000000001d87d      0x210 ./Drivers/STM32G4xx_HAL_Driver/Src/stm32g4xx_hal_rcc.o
 .debug_macro   0x000000000001da8d      0x1f8 ./Drivers/STM32G4xx_HAL_Driver/Src/stm32g4xx_hal_rcc_ex.o
 .debug_macro   0x000000000001dc85      0x1d6 ./Drivers/STM32G4xx_HAL_Driver/Src/stm32g4xx_hal_tim.o
 .debug_macro   0x000000000001de5b      0x1d4 ./Drivers/STM32G4xx_HAL_Driver/Src/stm32g4xx_hal_tim_ex.o
 .debug_macro   0x000000000001e02f      0x1f9 ./Drivers/STM32G4xx_HAL_Driver/Src/stm32g4xx_hal_uart.o
 .debug_macro   0x000000000001e228      0x1da ./Drivers/STM32G4xx_HAL_Driver/Src/stm32g4xx_hal_uart_ex.o

.debug_line     0x0000000000000000    0x164c8
 .debug_line    0x0000000000000000       0x97 ./Core/Src/Init.o
 .debug_line    0x0000000000000097      0x79c ./Core/Src/gpio.o
 .debug_line    0x0000000000000833      0x8c5 ./Core/Src/key.o
 .debug_line    0x00000000000010f8       0xcb ./Core/Src/lcd.o
 .debug_line    0x00000000000011c3       0xca ./Core/Src/loop.o
 .debug_line    0x000000000000128d      0x896 ./Core/Src/main.o
 .debug_line    0x0000000000001b23      0xac9 ./Core/Src/music.o
 .debug_line    0x00000000000025ec      0x918 ./Core/Src/nokia.o
 .debug_line    0x0000000000002f04      0x777 ./Core/Src/stm32g4xx_hal_msp.o
 .debug_line    0x000000000000367b      0x882 ./Core/Src/stm32g4xx_it.o
 .debug_line    0x0000000000003efd      0x7df ./Core/Src/system_stm32g4xx.o
 .debug_line    0x00000000000046dc      0xb4d ./Core/Src/tim.o
 .debug_line    0x0000000000005229      0x817 ./Core/Src/usart.o
 .debug_line    0x0000000000005a40       0x7b ./Core/Startup/startup_stm32g431rbtx.o
 .debug_line    0x0000000000005abb      0xb9e ./Drivers/STM32G4xx_HAL_Driver/Src/stm32g4xx_hal.o
 .debug_line    0x0000000000006659      0xd09 ./Drivers/STM32G4xx_HAL_Driver/Src/stm32g4xx_hal_cortex.o
 .debug_line    0x0000000000007362      0xec2 ./Drivers/STM32G4xx_HAL_Driver/Src/stm32g4xx_hal_dma.o
 .debug_line    0x0000000000008224      0xb99 ./Drivers/STM32G4xx_HAL_Driver/Src/stm32g4xx_hal_gpio.o
 .debug_line    0x0000000000008dbd      0xd0d ./Drivers/STM32G4xx_HAL_Driver/Src/stm32g4xx_hal_pwr_ex.o
 .debug_line    0x0000000000009aca      0xf66 ./Drivers/STM32G4xx_HAL_Driver/Src/stm32g4xx_hal_rcc.o
 .debug_line    0x000000000000aa30     0x112f ./Drivers/STM32G4xx_HAL_Driver/Src/stm32g4xx_hal_rcc_ex.o
 .debug_line    0x000000000000bb5f     0x3f08 ./Drivers/STM32G4xx_HAL_Driver/Src/stm32g4xx_hal_tim.o
 .debug_line    0x000000000000fa67     0x20de ./Drivers/STM32G4xx_HAL_Driver/Src/stm32g4xx_hal_tim_ex.o
 .debug_line    0x0000000000011b45     0x3bc2 ./Drivers/STM32G4xx_HAL_Driver/Src/stm32g4xx_hal_uart.o
 .debug_line    0x0000000000015707      0xdc1 ./Drivers/STM32G4xx_HAL_Driver/Src/stm32g4xx_hal_uart_ex.o

.debug_str      0x0000000000000000    0xc27f1
 .debug_str     0x0000000000000000     0x315a ./Core/Src/Init.o
                                       0x31ab (size before relaxing)
 .debug_str     0x000000000000315a    0xba114 ./Core/Src/gpio.o
                                      0xbd156 (size before relaxing)
 .debug_str     0x00000000000bd26e       0x30 ./Core/Src/key.o
                                      0xbd095 (size before relaxing)
 .debug_str     0x00000000000bd29e       0x52 ./Core/Src/lcd.o
                                       0x318a (size before relaxing)
 .debug_str     0x00000000000bd2f0       0xa3 ./Core/Src/loop.o
                                       0x3211 (size before relaxing)
 .debug_str     0x00000000000bd393      0x7a0 ./Core/Src/main.o
                                      0xbdbc3 (size before relaxing)
 .debug_str     0x00000000000bdb33      0x344 ./Core/Src/music.o
                                      0xbd9ce (size before relaxing)
 .debug_str     0x00000000000bde77       0x7f ./Core/Src/nokia.o
                                      0xbd268 (size before relaxing)
 .debug_str     0x00000000000bdef6       0x4d ./Core/Src/stm32g4xx_hal_msp.o
                                      0xbd0ac (size before relaxing)
 .debug_str     0x00000000000bdf43       0xfa ./Core/Src/stm32g4xx_it.o
                                      0xbd5cc (size before relaxing)
 .debug_str     0x00000000000be03d       0xdb ./Core/Src/system_stm32g4xx.o
                                      0xbd13b (size before relaxing)
 .debug_str     0x00000000000be118      0x329 ./Core/Src/tim.o
                                      0xbdaf4 (size before relaxing)
 .debug_str     0x00000000000be441      0x6ce ./Core/Src/usart.o
                                      0xbdd91 (size before relaxing)
 .debug_str     0x00000000000beb0f       0x34 ./Core/Startup/startup_stm32g431rbtx.o
                                         0x67 (size before relaxing)
 .debug_str     0x00000000000beb43      0x5de ./Drivers/STM32G4xx_HAL_Driver/Src/stm32g4xx_hal.o
                                      0xbdc7a (size before relaxing)
 .debug_str     0x00000000000bf121      0x31d ./Drivers/STM32G4xx_HAL_Driver/Src/stm32g4xx_hal_cortex.o
                                      0xbd8fe (size before relaxing)
 .debug_str     0x00000000000bf43e      0x2ce ./Drivers/STM32G4xx_HAL_Driver/Src/stm32g4xx_hal_dma.o
                                      0xbd515 (size before relaxing)
 .debug_str     0x00000000000bf70c      0x112 ./Drivers/STM32G4xx_HAL_Driver/Src/stm32g4xx_hal_gpio.o
                                      0xbd2c6 (size before relaxing)
 .debug_str     0x00000000000bf81e      0x4a5 ./Drivers/STM32G4xx_HAL_Driver/Src/stm32g4xx_hal_pwr_ex.o
                                      0xbd629 (size before relaxing)
 .debug_str     0x00000000000bfcc3      0x4e0 ./Drivers/STM32G4xx_HAL_Driver/Src/stm32g4xx_hal_rcc.o
                                      0xbd834 (size before relaxing)
 .debug_str     0x00000000000c01a3      0x40b ./Drivers/STM32G4xx_HAL_Driver/Src/stm32g4xx_hal_rcc_ex.o
                                      0xbd835 (size before relaxing)
 .debug_str     0x00000000000c05ae      0xe53 ./Drivers/STM32G4xx_HAL_Driver/Src/stm32g4xx_hal_tim.o
                                      0xbe639 (size before relaxing)
 .debug_str     0x00000000000c1401      0x81d ./Drivers/STM32G4xx_HAL_Driver/Src/stm32g4xx_hal_tim_ex.o
                                      0xbe2ad (size before relaxing)
 .debug_str     0x00000000000c1c1e      0x96f ./Drivers/STM32G4xx_HAL_Driver/Src/stm32g4xx_hal_uart.o
                                      0xbe0f6 (size before relaxing)
 .debug_str     0x00000000000c258d      0x264 ./Drivers/STM32G4xx_HAL_Driver/Src/stm32g4xx_hal_uart_ex.o
                                      0xbd8f4 (size before relaxing)

.debug_frame    0x0000000000000000     0x49a0
 .debug_frame   0x0000000000000000       0x34 ./Core/Src/Init.o
 .debug_frame   0x0000000000000034       0x34 ./Core/Src/gpio.o
 .debug_frame   0x0000000000000068       0x5c ./Core/Src/key.o
 .debug_frame   0x00000000000000c4       0x2c ./Core/Src/lcd.o
 .debug_frame   0x00000000000000f0       0x2c ./Core/Src/loop.o
 .debug_frame   0x000000000000011c       0x8c ./Core/Src/main.o
 .debug_frame   0x00000000000001a8      0x18c ./Core/Src/music.o
 .debug_frame   0x0000000000000334      0x12c ./Core/Src/nokia.o
 .debug_frame   0x0000000000000460       0x34 ./Core/Src/stm32g4xx_hal_msp.o
 .debug_frame   0x0000000000000494      0x120 ./Core/Src/stm32g4xx_it.o
 .debug_frame   0x00000000000005b4       0x58 ./Core/Src/system_stm32g4xx.o
 .debug_frame   0x000000000000060c      0x188 ./Core/Src/tim.o
 .debug_frame   0x0000000000000794       0x74 ./Core/Src/usart.o
 .debug_frame   0x0000000000000808      0x500 ./Drivers/STM32G4xx_HAL_Driver/Src/stm32g4xx_hal.o
 .debug_frame   0x0000000000000d08      0x498 ./Drivers/STM32G4xx_HAL_Driver/Src/stm32g4xx_hal_cortex.o
 .debug_frame   0x00000000000011a0      0x24c ./Drivers/STM32G4xx_HAL_Driver/Src/stm32g4xx_hal_dma.o
 .debug_frame   0x00000000000013ec      0x14c ./Drivers/STM32G4xx_HAL_Driver/Src/stm32g4xx_hal_gpio.o
 .debug_frame   0x0000000000001538      0x4fc ./Drivers/STM32G4xx_HAL_Driver/Src/stm32g4xx_hal_pwr_ex.o
 .debug_frame   0x0000000000001a34      0x23c ./Drivers/STM32G4xx_HAL_Driver/Src/stm32g4xx_hal_rcc.o
 .debug_frame   0x0000000000001c70      0x2ac ./Drivers/STM32G4xx_HAL_Driver/Src/stm32g4xx_hal_rcc_ex.o
 .debug_frame   0x0000000000001f1c     0x121c ./Drivers/STM32G4xx_HAL_Driver/Src/stm32g4xx_hal_tim.o
 .debug_frame   0x0000000000003138      0xa68 ./Drivers/STM32G4xx_HAL_Driver/Src/stm32g4xx_hal_tim_ex.o
 .debug_frame   0x0000000000003ba0      0xa94 ./Drivers/STM32G4xx_HAL_Driver/Src/stm32g4xx_hal_uart.o
 .debug_frame   0x0000000000004634      0x2c0 ./Drivers/STM32G4xx_HAL_Driver/Src/stm32g4xx_hal_uart_ex.o
 .debug_frame   0x00000000000048f4       0x20 E:/STM32/STM32CubeIDE_1.14.0/STM32CubeIDE/plugins/com.st.stm32cube.ide.mcu.externaltools.gnu-tools-for-stm32.11.3.rel1.win32_1.1.100.202309141235/tools/bin/../lib/gcc/arm-none-eabi/11.3.1/../../../../arm-none-eabi/lib/thumb/v7e-m+fp/hard\libc_nano.a(libc_a-memset.o)
 .debug_frame   0x0000000000004914       0x2c E:/STM32/STM32CubeIDE_1.14.0/STM32CubeIDE/plugins/com.st.stm32cube.ide.mcu.externaltools.gnu-tools-for-stm32.11.3.rel1.win32_1.1.100.202309141235/tools/bin/../lib/gcc/arm-none-eabi/11.3.1/../../../../arm-none-eabi/lib/thumb/v7e-m+fp/hard\libc_nano.a(libc_a-init.o)
 .debug_frame   0x0000000000004940       0x2c E:/STM32/STM32CubeIDE_1.14.0/STM32CubeIDE/plugins/com.st.stm32cube.ide.mcu.externaltools.gnu-tools-for-stm32.11.3.rel1.win32_1.1.100.202309141235/tools/bin/../lib/gcc/arm-none-eabi/11.3.1/thumb/v7e-m+fp/hard\libgcc.a(_aeabi_uldivmod.o)
 .debug_frame   0x000000000000496c       0x34 E:/STM32/STM32CubeIDE_1.14.0/STM32CubeIDE/plugins/com.st.stm32cube.ide.mcu.externaltools.gnu-tools-for-stm32.11.3.rel1.win32_1.1.100.202309141235/tools/bin/../lib/gcc/arm-none-eabi/11.3.1/thumb/v7e-m+fp/hard\libgcc.a(_udivmoddi4.o)

.debug_line_str
                0x0000000000000000       0x5b
 .debug_line_str
                0x0000000000000000       0x5b ./Core/Startup/startup_stm32g431rbtx.o
                                         0x73 (size before relaxing)
